Archive member included to satisfy reference by file (symbol)

/build/nissa/tmp/portage/sys-boot/coreboot-9999/work/build/out/pujjoga/external/vboot_reference-postcar/firmware/2lib/2api.o
                              (--whole-archive)
/build/nissa/tmp/portage/sys-boot/coreboot-9999/work/build/out/pujjoga/external/vboot_reference-postcar/firmware/2lib/2auxfw_sync.o
                              (--whole-archive)
/build/nissa/tmp/portage/sys-boot/coreboot-9999/work/build/out/pujjoga/external/vboot_reference-postcar/firmware/2lib/2common.o
                              (--whole-archive)
/build/nissa/tmp/portage/sys-boot/coreboot-9999/work/build/out/pujjoga/external/vboot_reference-postcar/firmware/2lib/2context.o
                              (--whole-archive)
/build/nissa/tmp/portage/sys-boot/coreboot-9999/work/build/out/pujjoga/external/vboot_reference-postcar/firmware/2lib/2crc8.o
                              (--whole-archive)
/build/nissa/tmp/portage/sys-boot/coreboot-9999/work/build/out/pujjoga/external/vboot_reference-postcar/firmware/2lib/2crypto.o
                              (--whole-archive)
/build/nissa/tmp/portage/sys-boot/coreboot-9999/work/build/out/pujjoga/external/vboot_reference-postcar/firmware/2lib/2ec_sync.o
                              (--whole-archive)
/build/nissa/tmp/portage/sys-boot/coreboot-9999/work/build/out/pujjoga/external/vboot_reference-postcar/firmware/2lib/2firmware.o
                              (--whole-archive)
/build/nissa/tmp/portage/sys-boot/coreboot-9999/work/build/out/pujjoga/external/vboot_reference-postcar/firmware/2lib/2gbb.o
                              (--whole-archive)
/build/nissa/tmp/portage/sys-boot/coreboot-9999/work/build/out/pujjoga/external/vboot_reference-postcar/firmware/2lib/2hmac.o
                              (--whole-archive)
/build/nissa/tmp/portage/sys-boot/coreboot-9999/work/build/out/pujjoga/external/vboot_reference-postcar/firmware/2lib/2kernel.o
                              (--whole-archive)
/build/nissa/tmp/portage/sys-boot/coreboot-9999/work/build/out/pujjoga/external/vboot_reference-postcar/firmware/2lib/2load_kernel.o
                              (--whole-archive)
/build/nissa/tmp/portage/sys-boot/coreboot-9999/work/build/out/pujjoga/external/vboot_reference-postcar/firmware/2lib/2misc.o
                              (--whole-archive)
/build/nissa/tmp/portage/sys-boot/coreboot-9999/work/build/out/pujjoga/external/vboot_reference-postcar/firmware/2lib/2nvstorage.o
                              (--whole-archive)
/build/nissa/tmp/portage/sys-boot/coreboot-9999/work/build/out/pujjoga/external/vboot_reference-postcar/firmware/2lib/2packed_key.o
                              (--whole-archive)
/build/nissa/tmp/portage/sys-boot/coreboot-9999/work/build/out/pujjoga/external/vboot_reference-postcar/firmware/2lib/2recovery_reasons.o
                              (--whole-archive)
/build/nissa/tmp/portage/sys-boot/coreboot-9999/work/build/out/pujjoga/external/vboot_reference-postcar/firmware/2lib/2rsa.o
                              (--whole-archive)
/build/nissa/tmp/portage/sys-boot/coreboot-9999/work/build/out/pujjoga/external/vboot_reference-postcar/firmware/2lib/2secdata_firmware.o
                              (--whole-archive)
/build/nissa/tmp/portage/sys-boot/coreboot-9999/work/build/out/pujjoga/external/vboot_reference-postcar/firmware/2lib/2secdata_fwmp.o
                              (--whole-archive)
/build/nissa/tmp/portage/sys-boot/coreboot-9999/work/build/out/pujjoga/external/vboot_reference-postcar/firmware/2lib/2secdata_kernel.o
                              (--whole-archive)
/build/nissa/tmp/portage/sys-boot/coreboot-9999/work/build/out/pujjoga/external/vboot_reference-postcar/firmware/2lib/2sha1.o
                              (--whole-archive)
/build/nissa/tmp/portage/sys-boot/coreboot-9999/work/build/out/pujjoga/external/vboot_reference-postcar/firmware/2lib/2sha256.o
                              (--whole-archive)
/build/nissa/tmp/portage/sys-boot/coreboot-9999/work/build/out/pujjoga/external/vboot_reference-postcar/firmware/2lib/2sha512.o
                              (--whole-archive)
/build/nissa/tmp/portage/sys-boot/coreboot-9999/work/build/out/pujjoga/external/vboot_reference-postcar/firmware/2lib/2sha_utility.o
                              (--whole-archive)
/build/nissa/tmp/portage/sys-boot/coreboot-9999/work/build/out/pujjoga/external/vboot_reference-postcar/firmware/2lib/2struct.o
                              (--whole-archive)
/build/nissa/tmp/portage/sys-boot/coreboot-9999/work/build/out/pujjoga/external/vboot_reference-postcar/firmware/2lib/2stub_hwcrypto.o
                              (--whole-archive)
/build/nissa/tmp/portage/sys-boot/coreboot-9999/work/build/out/pujjoga/external/vboot_reference-postcar/firmware/2lib/2tpm_bootmode.o
                              (--whole-archive)
[...]
Memory Configuration

Name             Origin             Length             Attributes
*default*        0x00000000         0xffffffff

Linker script and memory map

START GROUP
LOAD /build/nissa/tmp/portage/sys-boot/coreboot-9999/work/build/out/pujjoga/postcar/external/vboot_reference-postcar/vboot_fw.a
LOAD /build/nissa/tmp/portage/sys-boot/coreboot-9999/work/build/out/pujjoga/postcar/mainboard/google/brya/static.o
LOAD /build/nissa/tmp/portage/sys-boot/coreboot-9999/work/build/out/pujjoga/postcar/acpi/acpi_pm.o
LOAD /build/nissa/tmp/portage/sys-boot/coreboot-9999/work/build/out/pujjoga/postcar/arch/x86/boot.o
LOAD /build/nissa/tmp/portage/sys-boot/coreboot-9999/work/build/out/pujjoga/postcar/arch/x86/breakpoint.o
LOAD /build/nissa/tmp/portage/sys-boot/coreboot-9999/work/build/out/pujjoga/postcar/arch/x86/cf9_reset.o
LOAD /build/nissa/tmp/portage/sys-boot/coreboot-9999/work/build/out/pujjoga/postcar/arch/x86/cpu_common.o
LOAD /build/nissa/tmp/portage/sys-boot/coreboot-9999/work/build/out/pujjoga/postcar/arch/x86/exception.o
LOAD /build/nissa/tmp/portage/sys-boot/coreboot-9999/work/build/out/pujjoga/postcar/arch/x86/exit_car.o
LOAD /build/nissa/tmp/portage/sys-boot/coreboot-9999/work/build/out/pujjoga/postcar/arch/x86/gdt_init.o
LOAD /build/nissa/tmp/portage/sys-boot/coreboot-9999/work/build/out/pujjoga/postcar/arch/x86/idt.o
LOAD /build/nissa/tmp/portage/sys-boot/coreboot-9999/work/build/out/pujjoga/postcar/arch/x86/memcpy.o
LOAD /build/nissa/tmp/portage/sys-boot/coreboot-9999/work/build/out/pujjoga/postcar/arch/x86/memmove_32.o
LOAD /build/nissa/tmp/portage/sys-boot/coreboot-9999/work/build/out/pujjoga/postcar/arch/x86/memset.o
LOAD /build/nissa/tmp/portage/sys-boot/coreboot-9999/work/build/out/pujjoga/postcar/arch/x86/null_breakpoint.o
LOAD /build/nissa/tmp/portage/sys-boot/coreboot-9999/work/build/out/pujjoga/postcar/arch/x86/post.o
LOAD /build/nissa/tmp/portage/sys-boot/coreboot-9999/work/build/out/pujjoga/postcar/arch/x86/postcar.o
LOAD /build/nissa/tmp/portage/sys-boot/coreboot-9999/work/build/out/pujjoga/postcar/arch/x86/timestamp.o
LOAD /build/nissa/tmp/portage/sys-boot/coreboot-9999/work/build/out/pujjoga/postcar/commonlib/bsd/cbfs_mcache.o
LOAD /build/nissa/tmp/portage/sys-boot/coreboot-9999/work/build/out/pujjoga/postcar/commonlib/bsd/cbfs_private.o
LOAD /build/nissa/tmp/portage/sys-boot/coreboot-9999/work/build/out/pujjoga/postcar/commonlib/bsd/gcd.o
LOAD /build/nissa/tmp/portage/sys-boot/coreboot-9999/work/build/out/pujjoga/postcar/commonlib/bsd/ipchksum.o
LOAD /build/nissa/tmp/portage/sys-boot/coreboot-9999/work/build/out/pujjoga/postcar/commonlib/bsd/lz4_wrapper.o
LOAD /build/nissa/tmp/portage/sys-boot/coreboot-9999/work/build/out/pujjoga/postcar/commonlib/bsd/string.o
LOAD /build/nissa/tmp/portage/sys-boot/coreboot-9999/work/build/out/pujjoga/postcar/commonlib/bsd/xxhash.o
LOAD /build/nissa/tmp/portage/sys-boot/coreboot-9999/work/build/out/pujjoga/postcar/commonlib/bsd/zstd_wrapper.o
LOAD /build/nissa/tmp/portage/sys-boot/coreboot-9999/work/build/out/pujjoga/postcar/commonlib/iobuf.o
LOAD /build/nissa/tmp/portage/sys-boot/coreboot-9999/work/build/out/pujjoga/postcar/commonlib/list.o
LOAD /build/nissa/tmp/portage/sys-boot/coreboot-9999/work/build/out/pujjoga/postcar/commonlib/mem_pool.o
LOAD /build/nissa/tmp/portage/sys-boot/coreboot-9999/work/build/out/pujjoga/postcar/commonlib/region.o
LOAD /build/nissa/tmp/portage/sys-boot/coreboot-9999/work/build/out/pujjoga/postcar/console/console.o
LOAD /build/nissa/tmp/portage/sys-boot/coreboot-9999/work/build/out/pujjoga/postcar/console/die.o
LOAD /build/nissa/tmp/portage/sys-boot/coreboot-9999/work/build/out/pujjoga/postcar/console/init.o
LOAD /build/nissa/tmp/portage/sys-boot/coreboot-9999/work/build/out/pujjoga/postcar/console/post.o
LOAD /build/nissa/tmp/portage/sys-boot/coreboot-9999/work/build/out/pujjoga/postcar/console/printk.o
LOAD /build/nissa/tmp/portage/sys-boot/coreboot-9999/work/build/out/pujjoga/postcar/console/vsprintf.o
LOAD /build/nissa/tmp/portage/sys-boot/coreboot-9999/work/build/out/pujjoga/postcar/console/vtxprintf.o
LOAD /build/nissa/tmp/portage/sys-boot/coreboot-9999/work/build/out/pujjoga/postcar/cpu/intel/common/common_init.o
LOAD /build/nissa/tmp/portage/sys-boot/coreboot-9999/work/build/out/pujjoga/postcar/cpu/x86/lapic/boot_cpu.o
LOAD /build/nissa/tmp/portage/sys-boot/coreboot-9999/work/build/out/pujjoga/postcar/cpu/x86/lapic/lapic.o
LOAD /build/nissa/tmp/portage/sys-boot/coreboot-9999/work/build/out/pujjoga/postcar/cpu/x86/mtrr/debug.o
LOAD /build/nissa/tmp/portage/sys-boot/coreboot-9999/work/build/out/pujjoga/postcar/cpu/x86/mtrr/earlymtrr.o
LOAD /build/nissa/tmp/portage/sys-boot/coreboot-9999/work/build/out/pujjoga/postcar/cpu/x86/mtrr/mtrrlib.o
LOAD /build/nissa/tmp/portage/sys-boot/coreboot-9999/work/build/out/pujjoga/postcar/cpu/x86/pae/pgtbl.o
LOAD /build/nissa/tmp/portage/sys-boot/coreboot-9999/work/build/out/pujjoga/postcar/cpu/x86/smm/tseg_region.o
LOAD /build/nissa/tmp/portage/sys-boot/coreboot-9999/work/build/out/pujjoga/postcar/cpu/x86/tsc/delay_tsc.o
LOAD /build/nissa/tmp/portage/sys-boot/coreboot-9999/work/build/out/pujjoga/postcar/device/device_const.o
LOAD /build/nissa/tmp/portage/sys-boot/coreboot-9999/work/build/out/pujjoga/postcar/device/pci_early.o
LOAD /build/nissa/tmp/portage/sys-boot/coreboot-9999/work/build/out/pujjoga/postcar/device/pci_ops.o
LOAD /build/nissa/tmp/portage/sys-boot/coreboot-9999/work/build/out/pujjoga/postcar/drivers/elog/elog.o
LOAD /build/nissa/tmp/portage/sys-boot/coreboot-9999/work/build/out/pujjoga/postcar/drivers/i2c/designware/dw_i2c.o
LOAD /build/nissa/tmp/portage/sys-boot/coreboot-9999/work/build/out/pujjoga/postcar/drivers/i2c/tpm/cr50.o
LOAD /build/nissa/tmp/portage/sys-boot/coreboot-9999/work/build/out/pujjoga/postcar/drivers/i2c/tpm/tis.o
LOAD /build/nissa/tmp/portage/sys-boot/coreboot-9999/work/build/out/pujjoga/postcar/drivers/intel/fsp2_0/hand_off_block.o
LOAD /build/nissa/tmp/portage/sys-boot/coreboot-9999/work/build/out/pujjoga/postcar/drivers/option/cbfs_file_option.o
LOAD /build/nissa/tmp/portage/sys-boot/coreboot-9999/work/build/out/pujjoga/postcar/drivers/pc80/pc/i8254.o
LOAD /build/nissa/tmp/portage/sys-boot/coreboot-9999/work/build/out/pujjoga/postcar/drivers/pc80/rtc/mc146818rtc.o
LOAD /build/nissa/tmp/portage/sys-boot/coreboot-9999/work/build/out/pujjoga/postcar/drivers/pc80/rtc/mc146818rtc_boot.o
LOAD /build/nissa/tmp/portage/sys-boot/coreboot-9999/work/build/out/pujjoga/postcar/drivers/spi/bitbang.o
LOAD /build/nissa/tmp/portage/sys-boot/coreboot-9999/work/build/out/pujjoga/postcar/drivers/spi/boot_device_rw_nommap.o
LOAD /build/nissa/tmp/portage/sys-boot/coreboot-9999/work/build/out/pujjoga/postcar/drivers/spi/spi-generic.o
LOAD /build/nissa/tmp/portage/sys-boot/coreboot-9999/work/build/out/pujjoga/postcar/drivers/spi/spi_flash.o
LOAD /build/nissa/tmp/portage/sys-boot/coreboot-9999/work/build/out/pujjoga/postcar/drivers/tpm/cr50.o
LOAD /build/nissa/tmp/portage/sys-boot/coreboot-9999/work/build/out/pujjoga/postcar/drivers/uart/uart8250mem.o
LOAD /build/nissa/tmp/portage/sys-boot/coreboot-9999/work/build/out/pujjoga/postcar/drivers/uart/util.o
LOAD /build/nissa/tmp/portage/sys-boot/coreboot-9999/work/build/out/pujjoga/postcar/drivers/vpd/vpd.o
LOAD /build/nissa/tmp/portage/sys-boot/coreboot-9999/work/build/out/pujjoga/postcar/drivers/vpd/vpd_decode.o
LOAD /build/nissa/tmp/portage/sys-boot/coreboot-9999/work/build/out/pujjoga/postcar/lib/boot_device.o
LOAD /build/nissa/tmp/portage/sys-boot/coreboot-9999/work/build/out/pujjoga/postcar/lib/bootmode.o
LOAD /build/nissa/tmp/portage/sys-boot/coreboot-9999/work/build/out/pujjoga/postcar/lib/cbfs.o
LOAD /build/nissa/tmp/portage/sys-boot/coreboot-9999/work/build/out/pujjoga/postcar/lib/cbmem_common.o
LOAD /build/nissa/tmp/portage/sys-boot/coreboot-9999/work/build/out/pujjoga/postcar/lib/cbmem_console.o
LOAD /build/nissa/tmp/portage/sys-boot/coreboot-9999/work/build/out/pujjoga/postcar/lib/crc_byte.o
LOAD /build/nissa/tmp/portage/sys-boot/coreboot-9999/work/build/out/pujjoga/postcar/lib/delay.o
LOAD /build/nissa/tmp/portage/sys-boot/coreboot-9999/work/build/out/pujjoga/postcar/lib/fmap.o
LOAD /build/nissa/tmp/portage/sys-boot/coreboot-9999/work/build/out/pujjoga/postcar/lib/gcc.o
LOAD /build/nissa/tmp/portage/sys-boot/coreboot-9999/work/build/out/pujjoga/postcar/lib/halt.o
LOAD /build/nissa/tmp/portage/sys-boot/coreboot-9999/work/build/out/pujjoga/postcar/lib/hexdump.o
LOAD /build/nissa/tmp/portage/sys-boot/coreboot-9999/work/build/out/pujjoga/postcar/lib/identity.o
LOAD /build/nissa/tmp/portage/sys-boot/coreboot-9999/work/build/out/pujjoga/postcar/lib/imd.o
LOAD /build/nissa/tmp/portage/sys-boot/coreboot-9999/work/build/out/pujjoga/postcar/lib/imd_cbmem.o
LOAD /build/nissa/tmp/portage/sys-boot/coreboot-9999/work/build/out/pujjoga/postcar/lib/libgcc.o
LOAD /build/nissa/tmp/portage/sys-boot/coreboot-9999/work/build/out/pujjoga/postcar/lib/lzma.o
LOAD /build/nissa/tmp/portage/sys-boot/coreboot-9999/work/build/out/pujjoga/postcar/lib/lzmadecode.o
LOAD /build/nissa/tmp/portage/sys-boot/coreboot-9999/work/build/out/pujjoga/postcar/lib/memchr.o
LOAD /build/nissa/tmp/portage/sys-boot/coreboot-9999/work/build/out/pujjoga/postcar/lib/memcmp.o
LOAD /build/nissa/tmp/portage/sys-boot/coreboot-9999/work/build/out/pujjoga/postcar/lib/prog_loaders.o
LOAD /build/nissa/tmp/portage/sys-boot/coreboot-9999/work/build/out/pujjoga/postcar/lib/prog_ops.o
LOAD /build/nissa/tmp/portage/sys-boot/coreboot-9999/work/build/out/pujjoga/postcar/lib/reset.o
LOAD /build/nissa/tmp/portage/sys-boot/coreboot-9999/work/build/out/pujjoga/postcar/lib/rmodule.o
LOAD /build/nissa/tmp/portage/sys-boot/coreboot-9999/work/build/out/pujjoga/postcar/lib/romstage_handoff.o
LOAD /build/nissa/tmp/portage/sys-boot/coreboot-9999/work/build/out/pujjoga/postcar/lib/string.o
LOAD /build/nissa/tmp/portage/sys-boot/coreboot-9999/work/build/out/pujjoga/postcar/lib/timestamp.o
LOAD /build/nissa/tmp/portage/sys-boot/coreboot-9999/work/build/out/pujjoga/postcar/lib/version.o
LOAD /build/nissa/tmp/portage/sys-boot/coreboot-9999/work/build/out/pujjoga/postcar/security/memory/memory.o
LOAD /build/nissa/tmp/portage/sys-boot/coreboot-9999/work/build/out/pujjoga/postcar/security/tpm/tspi/tspi.o
LOAD /build/nissa/tmp/portage/sys-boot/coreboot-9999/work/build/out/pujjoga/postcar/security/tpm/tss/tcg-2.0/tss.o
LOAD /build/nissa/tmp/portage/sys-boot/coreboot-9999/work/build/out/pujjoga/postcar/security/tpm/tss/tcg-2.0/tss_marshaling.o
LOAD /build/nissa/tmp/portage/sys-boot/coreboot-9999/work/build/out/pujjoga/postcar/security/tpm/tss/tss.o
LOAD /build/nissa/tmp/portage/sys-boot/coreboot-9999/work/build/out/pujjoga/postcar/security/tpm/tss/vendor/cr50/cr50.o
LOAD /build/nissa/tmp/portage/sys-boot/coreboot-9999/work/build/out/pujjoga/postcar/security/vboot/bootmode.o
LOAD /build/nissa/tmp/portage/sys-boot/coreboot-9999/work/build/out/pujjoga/postcar/security/vboot/common.o
LOAD /build/nissa/tmp/portage/sys-boot/coreboot-9999/work/build/out/pujjoga/postcar/security/vboot/vbnv.o
LOAD /build/nissa/tmp/portage/sys-boot/coreboot-9999/work/build/out/pujjoga/postcar/security/vboot/vbnv_cmos.o
LOAD /build/nissa/tmp/portage/sys-boot/coreboot-9999/work/build/out/pujjoga/postcar/security/vboot/vbnv_flash.o
LOAD /build/nissa/tmp/portage/sys-boot/coreboot-9999/work/build/out/pujjoga/postcar/security/vboot/vboot_common.o
LOAD /build/nissa/tmp/portage/sys-boot/coreboot-9999/work/build/out/pujjoga/postcar/security/vboot/vboot_lib.o
LOAD /build/nissa/tmp/portage/sys-boot/coreboot-9999/work/build/out/pujjoga/postcar/security/vboot/vboot_loader.o
LOAD /build/nissa/tmp/portage/sys-boot/coreboot-9999/work/build/out/pujjoga/postcar/soc/intel/alderlake/gspi.o
LOAD /build/nissa/tmp/portage/sys-boot/coreboot-9999/work/build/out/pujjoga/postcar/soc/intel/alderlake/i2c.o
LOAD /build/nissa/tmp/portage/sys-boot/coreboot-9999/work/build/out/pujjoga/postcar/soc/intel/alderlake/pmutil.o
LOAD /build/nissa/tmp/portage/sys-boot/coreboot-9999/work/build/out/pujjoga/postcar/soc/intel/alderlake/spi.o
LOAD /build/nissa/tmp/portage/sys-boot/coreboot-9999/work/build/out/pujjoga/postcar/soc/intel/alderlake/uart.o
LOAD /build/nissa/tmp/portage/sys-boot/coreboot-9999/work/build/out/pujjoga/postcar/soc/intel/common/block/chip/chip.o
LOAD /build/nissa/tmp/portage/sys-boot/coreboot-9999/work/build/out/pujjoga/postcar/soc/intel/common/block/cpu/car/exit_car.o
LOAD /build/nissa/tmp/portage/sys-boot/coreboot-9999/work/build/out/pujjoga/postcar/soc/intel/common/block/fast_spi/fast_spi.o
LOAD /build/nissa/tmp/portage/sys-boot/coreboot-9999/work/build/out/pujjoga/postcar/soc/intel/common/block/fast_spi/fast_spi_flash.o
LOAD /build/nissa/tmp/portage/sys-boot/coreboot-9999/work/build/out/pujjoga/postcar/soc/intel/common/block/fast_spi/mmap_boot.o
LOAD /build/nissa/tmp/portage/sys-boot/coreboot-9999/work/build/out/pujjoga/postcar/soc/intel/common/block/gspi/gspi.o
LOAD /build/nissa/tmp/portage/sys-boot/coreboot-9999/work/build/out/pujjoga/postcar/soc/intel/common/block/i2c/i2c.o
LOAD /build/nissa/tmp/portage/sys-boot/coreboot-9999/work/build/out/pujjoga/postcar/soc/intel/common/block/lpss/lpss.o
LOAD /build/nissa/tmp/portage/sys-boot/coreboot-9999/work/build/out/pujjoga/postcar/soc/intel/common/block/oc_wdt/oc_wdt.o
LOAD /build/nissa/tmp/portage/sys-boot/coreboot-9999/work/build/out/pujjoga/postcar/soc/intel/common/block/pmc/pmclib.o
LOAD /build/nissa/tmp/portage/sys-boot/coreboot-9999/work/build/out/pujjoga/postcar/soc/intel/common/block/smbus/tco.o
LOAD /build/nissa/tmp/portage/sys-boot/coreboot-9999/work/build/out/pujjoga/postcar/soc/intel/common/block/smm/smm.o
LOAD /build/nissa/tmp/portage/sys-boot/coreboot-9999/work/build/out/pujjoga/postcar/soc/intel/common/block/spi/spi.o
LOAD /build/nissa/tmp/portage/sys-boot/coreboot-9999/work/build/out/pujjoga/postcar/soc/intel/common/block/systemagent/memmap.o
LOAD /build/nissa/tmp/portage/sys-boot/coreboot-9999/work/build/out/pujjoga/postcar/soc/intel/common/block/systemagent/systemagent_early.o
LOAD /build/nissa/tmp/portage/sys-boot/coreboot-9999/work/build/out/pujjoga/postcar/soc/intel/common/block/timer/timer.o
LOAD /build/nissa/tmp/portage/sys-boot/coreboot-9999/work/build/out/pujjoga/postcar/soc/intel/common/block/uart/uart.o
LOAD /build/nissa/tmp/portage/sys-boot/coreboot-9999/work/build/out/pujjoga/postcar/soc/intel/common/reset.o
LOAD /build/nissa/tmp/portage/sys-boot/coreboot-9999/work/build/out/pujjoga/postcar/soc/intel/common/tpm_tis.o
LOAD /build/nissa/tmp/portage/sys-boot/coreboot-9999/work/coreboot-sdk/bin/../lib/gcc/i386-elf/14.2.0/libgcc.a
END GROUP
                0x00000001                        _ = ASSERT ((. <= 0x2000000), postcar overlaps the previous region!)
                0x02000000                        . = 0x2000000
                0x02000000                        _postcar = ABSOLUTE (.)
                0x02100000                        _epostcar = ABSOLUTE ((_postcar + 0x100000))
                0x00100000                        _postcar_size = ABSOLUTE ((_epostcar - _postcar))
                0x00000001                        _ = ASSERT (((_eprogram - _program) <= 0x100000), Aftercar exceeded its allotted size! (1M))

.text           0x02000000     0x79e0
                0x02000000                        _program = .
                0x02000000                        _text = .
 *(.init._start)
 *(.init)
 .init          0x02000000       0x28 /build/nissa/tmp/portage/sys-boot/coreboot-9999/work/build/out/pujjoga/postcar/arch/x86/gdt_init.o
                0x02000000                gdtptr
 *(.init.*)
 .init._gdt_    0x02000028        0x9 /build/nissa/tmp/portage/sys-boot/coreboot-9999/work/build/out/pujjoga/postcar/arch/x86/gdt_init.o
                0x02000028                gdt_init
 *(.text._start)
 *(.text.stage_entry)
 *(.metadata_hash_anchor)
 *(.text)
 .text          0x02000031       0x48 /build/nissa/tmp/portage/sys-boot/coreboot-9999/work/build/out/pujjoga/postcar/arch/x86/exit_car.o
                0x02000031                _start
 .text          0x02000079       0x3b /build/nissa/tmp/portage/sys-boot/coreboot-9999/work/build/out/pujjoga/postcar/soc/intel/common/block/cpu/car/exit_car.o
                0x02000079                chipset_teardown_car
                0x02000088                car_nem_enhanced_teardown
 .text          0x020000b4      0x10b /build/nissa/tmp/portage/sys-boot/coreboot-9999/work/coreboot-sdk/bin/../lib/gcc/i386-elf/14.2.0/libgcc.a(_udivdi3.o)
                0x020000b4                __udivdi3
 *fill*         0x020001bf        0x1 
 .text          0x020001c0      0x197 /build/nissa/tmp/portage/sys-boot/coreboot-9999/work/coreboot-sdk/bin/../lib/gcc/i386-elf/14.2.0/libgcc.a(_udivmoddi4.o)
                0x020001c0                __udivmoddi4
 *(.text.*)
 .text.vb2_member_of
                0x02000357        0x9 /build/nissa/tmp/portage/sys-boot/coreboot-9999/work/build/out/pujjoga/external/vboot_reference-postcar/firmware/2lib/2common.o
                0x02000357                vb2_member_of
 .text.vb2api_relocate
                0x02000360       0x8e /build/nissa/tmp/portage/sys-boot/coreboot-9999/work/build/out/pujjoga/external/vboot_reference-postcar/firmware/2lib/2context.o
                0x02000360                vb2api_relocate
 .text.vb2api_reinit
                0x020003ee       0x1c /build/nissa/tmp/portage/sys-boot/coreboot-9999/work/build/out/pujjoga/external/vboot_reference-postcar/firmware/2lib/2context.o
                0x020003ee                vb2api_reinit
 .text.vb2api_get_firmware_size
                0x0200040a       0x4e /build/nissa/tmp/portage/sys-boot/coreboot-9999/work/build/out/pujjoga/external/vboot_reference-postcar/firmware/2lib/2misc.o
                0x0200040a                vb2api_get_firmware_size
 .text.vb2api_hwcrypto_allowed
                0x02000458       0x39 /build/nissa/tmp/portage/sys-boot/coreboot-9999/work/build/out/pujjoga/external/vboot_reference-postcar/firmware/2lib/2misc.o
                0x02000458                vb2api_hwcrypto_allowed
 .text.vb2_secdata_kernel_get
                0x02000491       0x9d /build/nissa/tmp/portage/sys-boot/coreboot-9999/work/build/out/pujjoga/external/vboot_reference-postcar/firmware/2lib/2secdata_kernel.o
                0x02000491                vb2_secdata_kernel_get
 .text.sha1_transform
                0x0200052e      0x141 /build/nissa/tmp/portage/sys-boot/coreboot-9999/work/build/out/pujjoga/external/vboot_reference-postcar/firmware/2lib/2sha1.o
 .text.vb2_sha1_update
                0x0200066f       0x40 /build/nissa/tmp/portage/sys-boot/coreboot-9999/work/build/out/pujjoga/external/vboot_reference-postcar/firmware/2lib/2sha1.o
                0x0200066f                vb2_sha1_update
 .text.vb2_sha1_finalize
                0x020006af       0x9f /build/nissa/tmp/portage/sys-boot/coreboot-9999/work/build/out/pujjoga/external/vboot_reference-postcar/firmware/2lib/2sha1.o
                0x020006af                vb2_sha1_finalize
 .text.vb2_sha1_init
                0x0200074e       0x2c /build/nissa/tmp/portage/sys-boot/coreboot-9999/work/build/out/pujjoga/external/vboot_reference-postcar/firmware/2lib/2sha1.o
                0x0200074e                vb2_sha1_init
 .text.vb2_sha256_transform
                0x0200077a      0x1df /build/nissa/tmp/portage/sys-boot/coreboot-9999/work/build/out/pujjoga/external/vboot_reference-postcar/firmware/2lib/2sha256.o
 .text.vb2_sha256_init
                0x02000959       0x31 /build/nissa/tmp/portage/sys-boot/coreboot-9999/work/build/out/pujjoga/external/vboot_reference-postcar/firmware/2lib/2sha256.o
                0x02000959                vb2_sha256_init
 .text.vb2_sha256_update
                0x0200098a       0xa3 /build/nissa/tmp/portage/sys-boot/coreboot-9999/work/build/out/pujjoga/external/vboot_reference-postcar/firmware/2lib/2sha256.o
                0x0200098a                vb2_sha256_update
 .text.vb2_sha256_finalize
                0x02000a2d       0xf6 /build/nissa/tmp/portage/sys-boot/coreboot-9999/work/build/out/pujjoga/external/vboot_reference-postcar/firmware/2lib/2sha256.o
                0x02000a2d                vb2_sha256_finalize
 .text.vb2_sha512_transform
                0x02000b23      0x49b /build/nissa/tmp/portage/sys-boot/coreboot-9999/work/build/out/pujjoga/external/vboot_reference-postcar/firmware/2lib/2sha512.o
 .text.vb2_sha512_init
                0x02000fbe       0x3b /build/nissa/tmp/portage/sys-boot/coreboot-9999/work/build/out/pujjoga/external/vboot_reference-postcar/firmware/2lib/2sha512.o
                0x02000fbe                vb2_sha512_init
 .text.vb2_sha512_update
                0x02000ff9       0xa3 /build/nissa/tmp/portage/sys-boot/coreboot-9999/work/build/out/pujjoga/external/vboot_reference-postcar/firmware/2lib/2sha512.o
                0x02000ff9                vb2_sha512_update
 .text.vb2_sha512_finalize
                0x0200109c      0x11d /build/nissa/tmp/portage/sys-boot/coreboot-9999/work/build/out/pujjoga/external/vboot_reference-postcar/firmware/2lib/2sha512.o
                0x0200109c                vb2_sha512_finalize
 .text.vb2_digest_size
                0x020011b9       0x16 /build/nissa/tmp/portage/sys-boot/coreboot-9999/work/build/out/pujjoga/external/vboot_reference-postcar/firmware/2lib/2sha_utility.o
                0x020011b9                vb2_digest_size
 .text.vb2_digest_init
                0x020011cf      0x10d /build/nissa/tmp/portage/sys-boot/coreboot-9999/work/build/out/pujjoga/external/vboot_reference-postcar/firmware/2lib/2sha_utility.o
                0x020011cf                vb2_digest_init
 .text.vb2_digest_extend
                0x020012dc       0x6c /build/nissa/tmp/portage/sys-boot/coreboot-9999/work/build/out/pujjoga/external/vboot_reference-postcar/firmware/2lib/2sha_utility.o
                0x020012dc                vb2_digest_extend
 .text.vb2_digest_finalize
                0x02001348       0x8f /build/nissa/tmp/portage/sys-boot/coreboot-9999/work/build/out/pujjoga/external/vboot_reference-postcar/firmware/2lib/2sha_utility.o
                0x02001348                vb2_digest_finalize
 .text.vb2_hash_calculate
                0x020013d7       0xa7 /build/nissa/tmp/portage/sys-boot/coreboot-9999/work/build/out/pujjoga/external/vboot_reference-postcar/firmware/2lib/2sha_utility.o
                0x020013d7                vb2_hash_calculate
 .text.vb2_hash_verify
                0x0200147e       0x7c /build/nissa/tmp/portage/sys-boot/coreboot-9999/work/build/out/pujjoga/external/vboot_reference-postcar/firmware/2lib/2sha_utility.o
                0x0200147e                vb2_hash_verify
 .text.vb2ex_hwcrypto_digest_init
                0x020014fa       0x85 /build/nissa/tmp/portage/sys-boot/coreboot-9999/work/build/out/pujjoga/external/vboot_reference-postcar/firmware/2lib/2hwcrypto.o
                0x020014fa                vb2ex_hwcrypto_digest_init
 .text.vb2ex_hwcrypto_digest_extend
                0x0200157f       0xad /build/nissa/tmp/portage/sys-boot/coreboot-9999/work/build/out/pujjoga/external/vboot_reference-postcar/firmware/2lib/2hwcrypto.o
                0x0200157f                vb2ex_hwcrypto_digest_extend
 .text.vb2ex_hwcrypto_digest_finalize
                0x0200162c      0x16a /build/nissa/tmp/portage/sys-boot/coreboot-9999/work/build/out/pujjoga/external/vboot_reference-postcar/firmware/2lib/2hwcrypto.o
                0x0200162c                vb2ex_hwcrypto_digest_finalize
 .text.vb2_sha256_transform_hwcrypto
                0x02001796      0x31d /build/nissa/tmp/portage/sys-boot/coreboot-9999/work/build/out/pujjoga/external/vboot_reference-postcar/firmware/2lib/2sha256_x86.o
                0x02001796                vb2_sha256_transform_hwcrypto
 .text.arch_prog_run
                0x02001ab3        0xe /build/nissa/tmp/portage/sys-boot/coreboot-9999/work/build/out/pujjoga/postcar/arch/x86/boot.o
                0x02001ab3                arch_prog_run
 .text.memcpy   0x02001ac1       0x22 /build/nissa/tmp/portage/sys-boot/coreboot-9999/work/build/out/pujjoga/postcar/arch/x86/memcpy.o
                0x02001ac1                memcpy
 *fill*         0x02001ae3        0xd 
 .text.memmove  0x02001af0      0x178 /build/nissa/tmp/portage/sys-boot/coreboot-9999/work/build/out/pujjoga/postcar/arch/x86/memmove_32.o
                0x02001af0                memmove
 .text.memset   0x02001c68       0x43 /build/nissa/tmp/portage/sys-boot/coreboot-9999/work/build/out/pujjoga/postcar/arch/x86/memset.o
                0x02001c68                memset
 .text.arch_post_code
                0x02001cab        0x7 /build/nissa/tmp/portage/sys-boot/coreboot-9999/work/build/out/pujjoga/postcar/arch/x86/post.o
                0x02001cab                arch_post_code
 .text.late_car_teardown
                0x02001cb2        0x1 /build/nissa/tmp/portage/sys-boot/coreboot-9999/work/build/out/pujjoga/postcar/arch/x86/postcar.o
                0x02001cb2                late_car_teardown
 .text.startup.main
                0x02001cb3       0x3b /build/nissa/tmp/portage/sys-boot/coreboot-9999/work/build/out/pujjoga/postcar/arch/x86/postcar.o
                0x02001cb3                main
 .text.timestamp_get
                0x02001cee        0x3 /build/nissa/tmp/portage/sys-boot/coreboot-9999/work/build/out/pujjoga/postcar/arch/x86/timestamp.o
                0x02001cee                timestamp_get
 .text.cbfs_mcache_lookup
                0x02001cf1      0x106 /build/nissa/tmp/portage/sys-boot/coreboot-9999/work/build/out/pujjoga/postcar/commonlib/bsd/cbfs_mcache.o
                0x02001cf1                cbfs_mcache_lookup
 .text.cbfs_walk
                0x02001df7      0x1e3 /build/nissa/tmp/portage/sys-boot/coreboot-9999/work/build/out/pujjoga/postcar/commonlib/bsd/cbfs_private.o
                0x02001df7                cbfs_walk
 .text.cbfs_copy_fill_metadata
                0x02001fda       0x71 /build/nissa/tmp/portage/sys-boot/coreboot-9999/work/build/out/pujjoga/postcar/commonlib/bsd/cbfs_private.o
                0x02001fda                cbfs_copy_fill_metadata
 .text.lookup_walker
                0x0200204b       0x89 /build/nissa/tmp/portage/sys-boot/coreboot-9999/work/build/out/pujjoga/postcar/commonlib/bsd/cbfs_private.o
 .text.cbfs_lookup
                0x020020d4       0x46 /build/nissa/tmp/portage/sys-boot/coreboot-9999/work/build/out/pujjoga/postcar/commonlib/bsd/cbfs_private.o
                0x020020d4                cbfs_lookup
 .text.cbfs_find_attr
                0x0200211a       0x97 /build/nissa/tmp/portage/sys-boot/coreboot-9999/work/build/out/pujjoga/postcar/commonlib/bsd/cbfs_private.o
                0x0200211a                cbfs_find_attr
 .text.cbfs_file_hash
                0x020021b1       0x88 /build/nissa/tmp/portage/sys-boot/coreboot-9999/work/build/out/pujjoga/postcar/commonlib/bsd/cbfs_private.o
                0x020021b1                cbfs_file_hash
 .text.LZ4_wildCopy
                0x02002239       0x1a /build/nissa/tmp/portage/sys-boot/coreboot-9999/work/build/out/pujjoga/postcar/commonlib/bsd/lz4_wrapper.o
 .text.ulz4fn   0x02002253      0x383 /build/nissa/tmp/portage/sys-boot/coreboot-9999/work/build/out/pujjoga/postcar/commonlib/bsd/lz4_wrapper.o
                0x02002253                ulz4fn
 .text.strlen   0x020025d6       0x11 /build/nissa/tmp/portage/sys-boot/coreboot-9999/work/build/out/pujjoga/postcar/commonlib/bsd/string.o
                0x020025d6                strlen
 .text.strnlen  0x020025e7       0x28 /build/nissa/tmp/portage/sys-boot/coreboot-9999/work/build/out/pujjoga/postcar/commonlib/bsd/string.o
                0x020025e7                strnlen
 .text.skip_atoi
                0x0200260f       0x24 /build/nissa/tmp/portage/sys-boot/coreboot-9999/work/build/out/pujjoga/postcar/commonlib/bsd/string.o
                0x0200260f                skip_atoi
 .text.mem_pool_alloc
                0x02002633       0x3e /build/nissa/tmp/portage/sys-boot/coreboot-9999/work/build/out/pujjoga/postcar/commonlib/mem_pool.o
                0x02002633                mem_pool_alloc
 .text.mem_pool_free
                0x02002671       0x22 /build/nissa/tmp/portage/sys-boot/coreboot-9999/work/build/out/pujjoga/postcar/commonlib/mem_pool.o
                0x02002671                mem_pool_free
 .text.mdev_mmap
                0x02002693        0xc /build/nissa/tmp/portage/sys-boot/coreboot-9999/work/build/out/pujjoga/postcar/commonlib/region.o
 .text.mdev_munmap
                0x0200269f        0x3 /build/nissa/tmp/portage/sys-boot/coreboot-9999/work/build/out/pujjoga/postcar/commonlib/region.o
 .text.mdev_readat
                0x020026a2       0x24 /build/nissa/tmp/portage/sys-boot/coreboot-9999/work/build/out/pujjoga/postcar/commonlib/region.o
 .text.xlate_munmap
                0x020026c6        0x3 /build/nissa/tmp/portage/sys-boot/coreboot-9999/work/build/out/pujjoga/postcar/commonlib/region.o
 .text.region_is_subregion
                0x020026c9       0x34 /build/nissa/tmp/portage/sys-boot/coreboot-9999/work/build/out/pujjoga/postcar/commonlib/region.o
                0x020026c9                region_is_subregion
 .text.xlate_find_window
                0x020026fd       0x39 /build/nissa/tmp/portage/sys-boot/coreboot-9999/work/build/out/pujjoga/postcar/commonlib/region.o
 .text.rdev_mmap
                0x02002736       0x5e /build/nissa/tmp/portage/sys-boot/coreboot-9999/work/build/out/pujjoga/postcar/commonlib/region.o
                0x02002736                rdev_mmap
 .text.xlate_mmap
                0x02002794       0x4c /build/nissa/tmp/portage/sys-boot/coreboot-9999/work/build/out/pujjoga/postcar/commonlib/region.o
 .text.rdev_munmap
                0x020027e0       0x27 /build/nissa/tmp/portage/sys-boot/coreboot-9999/work/build/out/pujjoga/postcar/commonlib/region.o
                0x020027e0                rdev_munmap
 .text.rdev_readat
                0x02002807       0x67 /build/nissa/tmp/portage/sys-boot/coreboot-9999/work/build/out/pujjoga/postcar/commonlib/region.o
                0x02002807                rdev_readat
 .text.xlate_readat
                0x0200286e       0x58 /build/nissa/tmp/portage/sys-boot/coreboot-9999/work/build/out/pujjoga/postcar/commonlib/region.o
 .text.rdev_chain
                0x020028c6       0x59 /build/nissa/tmp/portage/sys-boot/coreboot-9999/work/build/out/pujjoga/postcar/commonlib/region.o
                0x020028c6                rdev_chain
 .text.mem_region_device_ro_init
                0x0200291f       0x2b /build/nissa/tmp/portage/sys-boot/coreboot-9999/work/build/out/pujjoga/postcar/commonlib/region.o
                0x0200291f                mem_region_device_ro_init
 .text.region_device_init
                0x0200294a       0x30 /build/nissa/tmp/portage/sys-boot/coreboot-9999/work/build/out/pujjoga/postcar/commonlib/region.o
                0x0200294a                region_device_init
 .text.xlate_region_device_ro_init
                0x0200297a       0x4c /build/nissa/tmp/portage/sys-boot/coreboot-9999/work/build/out/pujjoga/postcar/commonlib/region.o
                0x0200297a                xlate_region_device_ro_init
 .text.xlate_window_init
                0x020029c6       0x19 /build/nissa/tmp/portage/sys-boot/coreboot-9999/work/build/out/pujjoga/postcar/commonlib/region.o
                0x020029c6                xlate_window_init
 .text.rdev_chain_mem
                0x020029df       0x1a /build/nissa/tmp/portage/sys-boot/coreboot-9999/work/build/out/pujjoga/postcar/commonlib/region.o
                0x020029df                rdev_chain_mem
 .text.console_hw_init
                0x020029f9        0x5 /build/nissa/tmp/portage/sys-boot/coreboot-9999/work/build/out/pujjoga/postcar/console/console.o
                0x020029f9                console_hw_init
 .text.die_notify
                0x020029fe        0x1 /build/nissa/tmp/portage/sys-boot/coreboot-9999/work/build/out/pujjoga/postcar/console/die.o
                0x020029fe                die_notify
 .text.die      0x020029ff       0x1e /build/nissa/tmp/portage/sys-boot/coreboot-9999/work/build/out/pujjoga/postcar/console/die.o
                0x020029ff                die
 .text.get_log_level
                0x02002a1d       0x12 /build/nissa/tmp/portage/sys-boot/coreboot-9999/work/build/out/pujjoga/postcar/console/init.o
                0x02002a1d                get_log_level
 .text.console_log_level
                0x02002a2f       0x23 /build/nissa/tmp/portage/sys-boot/coreboot-9999/work/build/out/pujjoga/postcar/console/init.o
                0x02002a2f                console_log_level
 .text.console_init
                0x02002a52       0x54 /build/nissa/tmp/portage/sys-boot/coreboot-9999/work/build/out/pujjoga/postcar/console/init.o
                0x02002a52                console_init
 .text.soc_post_code
                0x02002aa6        0x1 /build/nissa/tmp/portage/sys-boot/coreboot-9999/work/build/out/pujjoga/postcar/console/post.o
                0x02002aa6                soc_post_code
 .text.mainboard_post
                0x02002aa7        0x1 /build/nissa/tmp/portage/sys-boot/coreboot-9999/work/build/out/pujjoga/postcar/console/post.o
                0x02002aa7                mainboard_post
 .text.post_code
                0x02002aa8       0x24 /build/nissa/tmp/portage/sys-boot/coreboot-9999/work/build/out/pujjoga/postcar/console/post.o
                0x02002aa8                post_code
 .text.console_time_run
                0x02002acc       0x20 /build/nissa/tmp/portage/sys-boot/coreboot-9999/work/build/out/pujjoga/postcar/console/printk.o
 .text.console_time_stop
                0x02002aec       0x31 /build/nissa/tmp/portage/sys-boot/coreboot-9999/work/build/out/pujjoga/postcar/console/printk.o
 .text.wrap_putchar
                0x02002b1d       0x4d /build/nissa/tmp/portage/sys-boot/coreboot-9999/work/build/out/pujjoga/postcar/console/printk.o
 .text.vprintk  0x02002b6a       0x62 /build/nissa/tmp/portage/sys-boot/coreboot-9999/work/build/out/pujjoga/postcar/console/printk.o
                0x02002b6a                vprintk
 .text.lock     0x02002bcc       0x10 /build/nissa/tmp/portage/sys-boot/coreboot-9999/work/build/out/pujjoga/postcar/console/printk.o
 .text.printk   0x02002bdc       0x1a /build/nissa/tmp/portage/sys-boot/coreboot-9999/work/build/out/pujjoga/postcar/console/printk.o
                0x02002bdc                printk
 .text.console_time_report
                0x02002bf6       0x32 /build/nissa/tmp/portage/sys-boot/coreboot-9999/work/build/out/pujjoga/postcar/console/printk.o
                0x02002bf6                console_time_report
 .text.str_tx_byte
                0x02002c28       0x18 /build/nissa/tmp/portage/sys-boot/coreboot-9999/work/build/out/pujjoga/postcar/console/vsprintf.o
 .text.vsnprintf
                0x02002c40       0x47 /build/nissa/tmp/portage/sys-boot/coreboot-9999/work/build/out/pujjoga/postcar/console/vsprintf.o
                0x02002c40                vsnprintf
 .text.snprintf
                0x02002c87       0x1d /build/nissa/tmp/portage/sys-boot/coreboot-9999/work/build/out/pujjoga/postcar/console/vsprintf.o
                0x02002c87                snprintf
 .text.number   0x02002ca4      0x2ee /build/nissa/tmp/portage/sys-boot/coreboot-9999/work/build/out/pujjoga/postcar/console/vtxprintf.o
 .text.vtxprintf
                0x02002f92      0x44d /build/nissa/tmp/portage/sys-boot/coreboot-9999/work/build/out/pujjoga/postcar/console/vtxprintf.o
                0x02002f92                vtxprintf
 .text.boot_cpu
                0x020033df        0xe /build/nissa/tmp/portage/sys-boot/coreboot-9999/work/build/out/pujjoga/postcar/cpu/x86/lapic/boot_cpu.o
                0x020033df                boot_cpu
 .text.display_mtrrs
                0x020033ed        0x1 /build/nissa/tmp/portage/sys-boot/coreboot-9999/work/build/out/pujjoga/postcar/cpu/x86/mtrr/debug.o
                0x020033ed                display_mtrrs
 .text.clear_all_var_mtrr
                0x020033ee       0x26 /build/nissa/tmp/portage/sys-boot/coreboot-9999/work/build/out/pujjoga/postcar/cpu/x86/mtrr/earlymtrr.o
                0x020033ee                clear_all_var_mtrr
 .text.commit_mtrr_setup
                0x02003414       0x57 /build/nissa/tmp/portage/sys-boot/coreboot-9999/work/build/out/pujjoga/postcar/cpu/x86/mtrr/earlymtrr.o
                0x02003414                commit_mtrr_setup
 .text.postcar_mtrr_setup
                0x0200346b       0x12 /build/nissa/tmp/portage/sys-boot/coreboot-9999/work/build/out/pujjoga/postcar/cpu/x86/mtrr/earlymtrr.o
                0x0200346b                postcar_mtrr_setup
 .text.clear_var_mtrr
                0x0200347d       0x16 /build/nissa/tmp/portage/sys-boot/coreboot-9999/work/build/out/pujjoga/postcar/cpu/x86/mtrr/mtrrlib.o
                0x0200347d                clear_var_mtrr
 .text.timer_monotonic_get
                0x02003493       0xa3 /build/nissa/tmp/portage/sys-boot/coreboot-9999/work/build/out/pujjoga/postcar/cpu/x86/tsc/delay_tsc.o
                0x02003493                timer_monotonic_get
 .text.get_uint_option
                0x02003536       0x68 /build/nissa/tmp/portage/sys-boot/coreboot-9999/work/build/out/pujjoga/postcar/drivers/option/cbfs_file_option.o
                0x02003536                get_uint_option
 .text.boot_device_init
                0x0200359e        0x1 /build/nissa/tmp/portage/sys-boot/coreboot-9999/work/build/out/pujjoga/postcar/lib/boot_device.o
                0x0200359e                boot_device_init
 .text.boot_device_ro_subregion
                0x0200359f       0x32 /build/nissa/tmp/portage/sys-boot/coreboot-9999/work/build/out/pujjoga/postcar/lib/boot_device.o
                0x0200359f                boot_device_ro_subregion
 .text.cbfs_file_hash_mismatch
                0x020035d1       0x75 /build/nissa/tmp/portage/sys-boot/coreboot-9999/work/build/out/pujjoga/postcar/lib/cbfs.o
 .text.cbfs_load_and_decompress
                0x02003646      0x12a /build/nissa/tmp/portage/sys-boot/coreboot-9999/work/build/out/pujjoga/postcar/lib/cbfs.o
 .text.do_alloc
                0x02003770      0x10a /build/nissa/tmp/portage/sys-boot/coreboot-9999/work/build/out/pujjoga/postcar/lib/cbfs.o
 .text.cbfs_fmap_region_hint
                0x0200387a        0x6 /build/nissa/tmp/portage/sys-boot/coreboot-9999/work/build/out/pujjoga/postcar/lib/cbfs.o
                0x0200387a                cbfs_fmap_region_hint
 .text.cbfs_unmap
                0x02003880       0x15 /build/nissa/tmp/portage/sys-boot/coreboot-9999/work/build/out/pujjoga/postcar/lib/cbfs.o
                0x02003880                cbfs_unmap
 .text.cbfs_boot_device_find_mcache
                0x02003895       0x40 /build/nissa/tmp/portage/sys-boot/coreboot-9999/work/build/out/pujjoga/postcar/lib/cbfs.o
                0x02003895                cbfs_boot_device_find_mcache
 .text.cbfs_get_boot_device
                0x020038d5       0x88 /build/nissa/tmp/portage/sys-boot/coreboot-9999/work/build/out/pujjoga/postcar/lib/cbfs.o
                0x020038d5                cbfs_get_boot_device
 .text._cbfs_boot_lookup
                0x0200395d       0xbe /build/nissa/tmp/portage/sys-boot/coreboot-9999/work/build/out/pujjoga/postcar/lib/cbfs.o
                0x0200395d                _cbfs_boot_lookup
 .text._cbfs_alloc
                0x02003a1b       0x96 /build/nissa/tmp/portage/sys-boot/coreboot-9999/work/build/out/pujjoga/postcar/lib/cbfs.o
                0x02003a1b                _cbfs_alloc
 .text.cbmem_run_init_hooks
                0x02003ab1       0x31 /build/nissa/tmp/portage/sys-boot/coreboot-9999/work/build/out/pujjoga/postcar/lib/cbmem_common.o
                0x02003ab1                cbmem_run_init_hooks
 .text.cbmemc_init
                0x02003ae2       0x38 /build/nissa/tmp/portage/sys-boot/coreboot-9999/work/build/out/pujjoga/postcar/lib/cbmem_console.o
                0x02003ae2                cbmemc_init
 .text.cbmemc_tx_byte
                0x02003b1a       0x4c /build/nissa/tmp/portage/sys-boot/coreboot-9999/work/build/out/pujjoga/postcar/lib/cbmem_console.o
                0x02003b1a                cbmemc_tx_byte
 .text.copy_console_buffer
                0x02003b66       0x7e /build/nissa/tmp/portage/sys-boot/coreboot-9999/work/build/out/pujjoga/postcar/lib/cbmem_console.o
 .text.cbmemc_reinit
                0x02003be4       0x54 /build/nissa/tmp/portage/sys-boot/coreboot-9999/work/build/out/pujjoga/postcar/lib/cbmem_console.o
 .text.fmap_setup_cbmem_cache
                0x02003c38       0x41 /build/nissa/tmp/portage/sys-boot/coreboot-9999/work/build/out/pujjoga/postcar/lib/fmap.o
 .text.find_fmap_directory
                0x02003c79      0x112 /build/nissa/tmp/portage/sys-boot/coreboot-9999/work/build/out/pujjoga/postcar/lib/fmap.o
 .text.fmap_locate_area
                0x02003d8b       0xce /build/nissa/tmp/portage/sys-boot/coreboot-9999/work/build/out/pujjoga/postcar/lib/fmap.o
                0x02003d8b                fmap_locate_area
 .text.fmap_locate_area_as_rdev
                0x02003e59       0x32 /build/nissa/tmp/portage/sys-boot/coreboot-9999/work/build/out/pujjoga/postcar/lib/fmap.o
                0x02003e59                fmap_locate_area_as_rdev
 .text.__wrap___udivdi3
                0x02003e8b        0x5 /build/nissa/tmp/portage/sys-boot/coreboot-9999/work/build/out/pujjoga/postcar/lib/gcc.o
                0x02003e8b                __wrap___udivdi3
 .text.abort    0x02003e90        0x3 /build/nissa/tmp/portage/sys-boot/coreboot-9999/work/build/out/pujjoga/postcar/lib/halt.o
                0x02003e90                abort
 .text.imdr_recover
                0x02003e93       0xa3 /build/nissa/tmp/portage/sys-boot/coreboot-9999/work/build/out/pujjoga/postcar/lib/imd.o
 .text.imdr_entry_find.isra.0
                0x02003f36       0x2c /build/nissa/tmp/portage/sys-boot/coreboot-9999/work/build/out/pujjoga/postcar/lib/imd.o
 .text.imdr_entry_add.isra.0
                0x02003f62       0x7e /build/nissa/tmp/portage/sys-boot/coreboot-9999/work/build/out/pujjoga/postcar/lib/imd.o
 .text.imd_entry_to_imdr
                0x02003fe0       0x40 /build/nissa/tmp/portage/sys-boot/coreboot-9999/work/build/out/pujjoga/postcar/lib/imd.o
 .text.imd_handle_init
                0x02004020       0x1c /build/nissa/tmp/portage/sys-boot/coreboot-9999/work/build/out/pujjoga/postcar/lib/imd.o
                0x02004020                imd_handle_init
 .text.imd_recover
                0x0200403c       0x56 /build/nissa/tmp/portage/sys-boot/coreboot-9999/work/build/out/pujjoga/postcar/lib/imd.o
                0x0200403c                imd_recover
 .text.imd_entry_add
                0x02004092       0x54 /build/nissa/tmp/portage/sys-boot/coreboot-9999/work/build/out/pujjoga/postcar/lib/imd.o
                0x02004092                imd_entry_add
 .text.imd_entry_find
                0x020040e6       0x20 /build/nissa/tmp/portage/sys-boot/coreboot-9999/work/build/out/pujjoga/postcar/lib/imd.o
                0x020040e6                imd_entry_find
 .text.imd_entry_find_or_add
                0x02004106       0x34 /build/nissa/tmp/portage/sys-boot/coreboot-9999/work/build/out/pujjoga/postcar/lib/imd.o
                0x02004106                imd_entry_find_or_add
 .text.imd_entry_size
                0x0200413a        0x8 /build/nissa/tmp/portage/sys-boot/coreboot-9999/work/build/out/pujjoga/postcar/lib/imd.o
                0x0200413a                imd_entry_size
 .text.imd_entry_at
                0x02004142       0x20 /build/nissa/tmp/portage/sys-boot/coreboot-9999/work/build/out/pujjoga/postcar/lib/imd.o
                0x02004142                imd_entry_at
 .text.cbmem_top
                0x02004162        0x6 /build/nissa/tmp/portage/sys-boot/coreboot-9999/work/build/out/pujjoga/postcar/lib/imd_cbmem.o
                0x02004162                cbmem_top
 .text.cbmem_add
                0x02004168       0x36 /build/nissa/tmp/portage/sys-boot/coreboot-9999/work/build/out/pujjoga/postcar/lib/imd_cbmem.o
                0x02004168                cbmem_add
 .text.cbmem_initialize_id_size
                0x0200419e       0x6b /build/nissa/tmp/portage/sys-boot/coreboot-9999/work/build/out/pujjoga/postcar/lib/imd_cbmem.o
                0x0200419e                cbmem_initialize_id_size
 .text.cbmem_initialize
                0x02004209       0x12 /build/nissa/tmp/portage/sys-boot/coreboot-9999/work/build/out/pujjoga/postcar/lib/imd_cbmem.o
                0x02004209                cbmem_initialize
 .text.cbmem_entry_find
                0x0200421b       0x15 /build/nissa/tmp/portage/sys-boot/coreboot-9999/work/build/out/pujjoga/postcar/lib/imd_cbmem.o
                0x0200421b                cbmem_entry_find
 .text.cbmem_find
                0x02004230       0x2c /build/nissa/tmp/portage/sys-boot/coreboot-9999/work/build/out/pujjoga/postcar/lib/imd_cbmem.o
                0x02004230                cbmem_find
 .text.cbmem_entry_size
                0x0200425c       0x12 /build/nissa/tmp/portage/sys-boot/coreboot-9999/work/build/out/pujjoga/postcar/lib/imd_cbmem.o
                0x0200425c                cbmem_entry_size
 .text.cbmem_entry_start
                0x0200426e       0x15 /build/nissa/tmp/portage/sys-boot/coreboot-9999/work/build/out/pujjoga/postcar/lib/imd_cbmem.o
                0x0200426e                cbmem_entry_start
 .text.ulzman   0x02004283       0xcd /build/nissa/tmp/portage/sys-boot/coreboot-9999/work/build/out/pujjoga/postcar/lib/lzma.o
                0x02004283                ulzman
 .text.LzmaDecodeProperties
                0x02004350       0x40 /build/nissa/tmp/portage/sys-boot/coreboot-9999/work/build/out/pujjoga/postcar/lib/lzmadecode.o
                0x02004350                LzmaDecodeProperties
 *fill*         0x02004390       0x10 
 .text.LzmaDecode
                0x020043a0     0x1bcb /build/nissa/tmp/portage/sys-boot/coreboot-9999/work/build/out/pujjoga/postcar/lib/lzmadecode.o
                0x020043a0                LzmaDecode
 .text.memcmp   0x02005f6b       0x26 /build/nissa/tmp/portage/sys-boot/coreboot-9999/work/build/out/pujjoga/postcar/lib/memcmp.o
                0x02005f6b                memcmp
 .text.prog_locate_hook
                0x02005f91        0x3 /build/nissa/tmp/portage/sys-boot/coreboot-9999/work/build/out/pujjoga/postcar/lib/prog_loaders.o
                0x02005f91                prog_locate_hook
 .text.run_ramstage
                0x02005f94       0xa0 /build/nissa/tmp/portage/sys-boot/coreboot-9999/work/build/out/pujjoga/postcar/lib/prog_loaders.o
                0x02005f94                run_ramstage
 .text.platform_segment_loaded
                0x02006034        0x1 /build/nissa/tmp/portage/sys-boot/coreboot-9999/work/build/out/pujjoga/postcar/lib/prog_ops.o
                0x02006034                platform_segment_loaded
 .text.arch_segment_loaded
                0x02006035        0x1 /build/nissa/tmp/portage/sys-boot/coreboot-9999/work/build/out/pujjoga/postcar/lib/prog_ops.o
                0x02006035                arch_segment_loaded
 .text.prog_segment_loaded
                0x02006036       0x2f /build/nissa/tmp/portage/sys-boot/coreboot-9999/work/build/out/pujjoga/postcar/lib/prog_ops.o
                0x02006036                prog_segment_loaded
 .text.platform_prog_run
                0x02006065        0x1 /build/nissa/tmp/portage/sys-boot/coreboot-9999/work/build/out/pujjoga/postcar/lib/prog_ops.o
                0x02006065                platform_prog_run
 .text.prog_run
                0x02006066       0x1b /build/nissa/tmp/portage/sys-boot/coreboot-9999/work/build/out/pujjoga/postcar/lib/prog_ops.o
                0x02006066                prog_run
 .text.rmodule_cbfs_allocator
                0x02006081       0x68 /build/nissa/tmp/portage/sys-boot/coreboot-9999/work/build/out/pujjoga/postcar/lib/rmodule.o
 .text.rmodule_parse
                0x020060e9       0x41 /build/nissa/tmp/portage/sys-boot/coreboot-9999/work/build/out/pujjoga/postcar/lib/rmodule.o
                0x020060e9                rmodule_parse
 .text.rmodule_parameters
                0x0200612a       0x1e /build/nissa/tmp/portage/sys-boot/coreboot-9999/work/build/out/pujjoga/postcar/lib/rmodule.o
                0x0200612a                rmodule_parameters
 .text.rmodule_entry
                0x02006148       0x14 /build/nissa/tmp/portage/sys-boot/coreboot-9999/work/build/out/pujjoga/postcar/lib/rmodule.o
                0x02006148                rmodule_entry
 .text.rmodule_load
                0x0200615c       0xde /build/nissa/tmp/portage/sys-boot/coreboot-9999/work/build/out/pujjoga/postcar/lib/rmodule.o
                0x0200615c                rmodule_load
 .text.rmodule_stage_load
                0x0200623a       0xb0 /build/nissa/tmp/portage/sys-boot/coreboot-9999/work/build/out/pujjoga/postcar/lib/rmodule.o
                0x0200623a                rmodule_stage_load
 .text.strcmp   0x020062ea       0x20 /build/nissa/tmp/portage/sys-boot/coreboot-9999/work/build/out/pujjoga/postcar/lib/string.o
                0x020062ea                strcmp
 .text.timestamp_reinit
                0x0200630a       0x44 /build/nissa/tmp/portage/sys-boot/coreboot-9999/work/build/out/pujjoga/postcar/lib/timestamp.o
 .text.timestamp_add
                0x0200634e       0x8f /build/nissa/tmp/portage/sys-boot/coreboot-9999/work/build/out/pujjoga/postcar/lib/timestamp.o
                0x0200634e                timestamp_add
 .text.timestamp_add_now
                0x020063dd       0x18 /build/nissa/tmp/portage/sys-boot/coreboot-9999/work/build/out/pujjoga/postcar/lib/timestamp.o
                0x020063dd                timestamp_add_now
 .text.vboot_get_context
                0x020063f5       0x6c /build/nissa/tmp/portage/sys-boot/coreboot-9999/work/build/out/pujjoga/postcar/security/vboot/common.o
                0x020063f5                vboot_get_context
 .text.vboot_locate_firmware
                0x02006461       0x50 /build/nissa/tmp/portage/sys-boot/coreboot-9999/work/build/out/pujjoga/postcar/security/vboot/common.o
                0x02006461                vboot_locate_firmware
 .text.vb2ex_printf
                0x020064b1       0x31 /build/nissa/tmp/portage/sys-boot/coreboot-9999/work/build/out/pujjoga/postcar/security/vboot/vboot_lib.o
                0x020064b1                vb2ex_printf
 .text.vb2ex_abort
                0x020064e2        0xd /build/nissa/tmp/portage/sys-boot/coreboot-9999/work/build/out/pujjoga/postcar/security/vboot/vboot_lib.o
                0x020064e2                vb2ex_abort
 .text.vboot_run_logic
                0x020064ef        0x1 /build/nissa/tmp/portage/sys-boot/coreboot-9999/work/build/out/pujjoga/postcar/security/vboot/vboot_loader.o
                0x020064ef                vboot_run_logic
 .text.vboot_get_cbfs_boot_device
                0x020064f0       0x64 /build/nissa/tmp/portage/sys-boot/coreboot-9999/work/build/out/pujjoga/postcar/security/vboot/vboot_loader.o
                0x020064f0                vboot_get_cbfs_boot_device
 .text.fast_spi_get_bar
                0x02006554       0x33 /build/nissa/tmp/portage/sys-boot/coreboot-9999/work/build/out/pujjoga/postcar/soc/intel/common/block/fast_spi/fast_spi.o
                0x02006554                fast_spi_get_bar
 .text.fast_spi_get_bios_region
                0x02006587       0x2f /build/nissa/tmp/portage/sys-boot/coreboot-9999/work/build/out/pujjoga/postcar/soc/intel/common/block/fast_spi/fast_spi.o
                0x02006587                fast_spi_get_bios_region
 .text.initialize_window
                0x020065b6       0x86 /build/nissa/tmp/portage/sys-boot/coreboot-9999/work/build/out/pujjoga/postcar/soc/intel/common/block/fast_spi/mmap_boot.o
 .text.bios_mmap_init
                0x0200663c       0xa0 /build/nissa/tmp/portage/sys-boot/coreboot-9999/work/build/out/pujjoga/postcar/soc/intel/common/block/fast_spi/mmap_boot.o
 .text.boot_device_ro
                0x020066dc       0x11 /build/nissa/tmp/portage/sys-boot/coreboot-9999/work/build/out/pujjoga/postcar/soc/intel/common/block/fast_spi/mmap_boot.o
                0x020066dc                boot_device_ro
 .text.tsc_freq_mhz
                0x020066ed       0xad /build/nissa/tmp/portage/sys-boot/coreboot-9999/work/build/out/pujjoga/postcar/soc/intel/common/block/timer/timer.o
                0x020066ed                tsc_freq_mhz
 *(.ltext)
 *(.ltext.*)
                0x020067a0                        . = ALIGN (0x8)
 *fill*         0x0200679a        0x6 
                0x020067a0                        _cbmem_init_hooks = .
 *(.rodata.cbmem_init_hooks_early)
 .rodata.cbmem_init_hooks_early
                0x020067a0        0x4 /build/nissa/tmp/portage/sys-boot/coreboot-9999/work/build/out/pujjoga/postcar/lib/cbmem_console.o
 *(.rodata.cbmem_init_hooks)
 .rodata.cbmem_init_hooks
                0x020067a4        0x4 /build/nissa/tmp/portage/sys-boot/coreboot-9999/work/build/out/pujjoga/postcar/lib/fmap.o
 .rodata.cbmem_init_hooks
                0x020067a8        0x4 /build/nissa/tmp/portage/sys-boot/coreboot-9999/work/build/out/pujjoga/postcar/lib/timestamp.o
                0x020067ac                        _ecbmem_init_hooks = .
                0x0000000c                        _cbmem_init_hooks_size = ABSOLUTE ((_ecbmem_init_hooks - _cbmem_init_hooks))
                0x020067b0                        . = ALIGN (0x8)
 *fill*         0x020067ac        0x4 
                0x020067b0                        _rsbe_init_begin = .
 *(.rsbe_init)
                0x020067b0                        _ersbe_init_begin = .
                0x00000000                        _rsbe_init_begin_size = ABSOLUTE ((_ersbe_init_begin - _rsbe_init_begin))
                0x020067b0                        . = ALIGN (0x8)
 *(.rodata)
 .rodata        0x020067b0        0x2 /build/nissa/tmp/portage/sys-boot/coreboot-9999/work/build/out/pujjoga/external/vboot_reference-postcar/firmware/2lib/2sha1.o
 *fill*         0x020067b2        0xe 
 .rodata        0x020067c0       0x40 /build/nissa/tmp/portage/sys-boot/coreboot-9999/work/build/out/pujjoga/postcar/commonlib/bsd/lz4_wrapper.o
 *(.rodata.*)
 .rodata.vb2api_get_firmware_size.str1.1
                0x02006800      0xb70 /build/nissa/tmp/portage/sys-boot/coreboot-9999/work/build/out/pujjoga/external/vboot_reference-postcar/firmware/2lib/2misc.o
                                 0x4e (size before relaxing)
 .rodata.__func__.11
                0x02007370       0x19 /build/nissa/tmp/portage/sys-boot/coreboot-9999/work/build/out/pujjoga/external/vboot_reference-postcar/firmware/2lib/2misc.o
 .rodata.vb2_secdata_kernel_get.str1.1
                0x02007389        0x0 /build/nissa/tmp/portage/sys-boot/coreboot-9999/work/build/out/pujjoga/external/vboot_reference-postcar/firmware/2lib/2secdata_kernel.o
                                 0x8e (size before relaxing)
 *fill*         0x02007389        0x3 
 .rodata.__func__.3
                0x0200738c       0x17 /build/nissa/tmp/portage/sys-boot/coreboot-9999/work/build/out/pujjoga/external/vboot_reference-postcar/firmware/2lib/2secdata_kernel.o
 .rodata.vb2_sha1_finalize.str1.1
                0x020073a3        0x0 /build/nissa/tmp/portage/sys-boot/coreboot-9999/work/build/out/pujjoga/external/vboot_reference-postcar/firmware/2lib/2sha1.o
                                  0x2 (size before relaxing)
 *fill*         0x020073a3       0x1d 
 .rodata.vb2_sha256_k
                0x020073c0      0x100 /build/nissa/tmp/portage/sys-boot/coreboot-9999/work/build/out/pujjoga/external/vboot_reference-postcar/firmware/2lib/2sha256.o
                0x020073c0                vb2_sha256_k
 .rodata.sha224_h0
                0x020074c0       0x20 /build/nissa/tmp/portage/sys-boot/coreboot-9999/work/build/out/pujjoga/external/vboot_reference-postcar/firmware/2lib/2sha256.o
 .rodata.vb2_sha256_h0
                0x020074e0       0x20 /build/nissa/tmp/portage/sys-boot/coreboot-9999/work/build/out/pujjoga/external/vboot_reference-postcar/firmware/2lib/2sha256.o
                0x020074e0                vb2_sha256_h0
 .rodata.sha512_k
                0x02007500      0x280 /build/nissa/tmp/portage/sys-boot/coreboot-9999/work/build/out/pujjoga/external/vboot_reference-postcar/firmware/2lib/2sha512.o
 .rodata.sha384_h0
                0x02007780       0x40 /build/nissa/tmp/portage/sys-boot/coreboot-9999/work/build/out/pujjoga/external/vboot_reference-postcar/firmware/2lib/2sha512.o
 .rodata.sha512_h0
                0x020077c0       0x40 /build/nissa/tmp/portage/sys-boot/coreboot-9999/work/build/out/pujjoga/external/vboot_reference-postcar/firmware/2lib/2sha512.o
 .rodata.vb2_digest_init.str1.1
                0x02007800        0x0 /build/nissa/tmp/portage/sys-boot/coreboot-9999/work/build/out/pujjoga/external/vboot_reference-postcar/firmware/2lib/2sha_utility.o
                                 0x68 (size before relaxing)
 .rodata.vb2_digest_init
                0x02007800       0x14 /build/nissa/tmp/portage/sys-boot/coreboot-9999/work/build/out/pujjoga/external/vboot_reference-postcar/firmware/2lib/2sha_utility.o
 .rodata.vb2_digest_extend
                0x02007814       0x14 /build/nissa/tmp/portage/sys-boot/coreboot-9999/work/build/out/pujjoga/external/vboot_reference-postcar/firmware/2lib/2sha_utility.o
 .rodata.vb2_digest_finalize
                0x02007828       0x14 /build/nissa/tmp/portage/sys-boot/coreboot-9999/work/build/out/pujjoga/external/vboot_reference-postcar/firmware/2lib/2sha_utility.o
 .rodata.vb2_hash_calculate.str1.1
                0x0200783c        0x0 /build/nissa/tmp/portage/sys-boot/coreboot-9999/work/build/out/pujjoga/external/vboot_reference-postcar/firmware/2lib/2sha_utility.o
                                 0x64 (size before relaxing)
 .rodata.vb2_hash_verify.str1.1
                0x0200783c        0x0 /build/nissa/tmp/portage/sys-boot/coreboot-9999/work/build/out/pujjoga/external/vboot_reference-postcar/firmware/2lib/2sha_utility.o
                                 0x40 (size before relaxing)
 .rodata.CSWTCH.1
                0x0200783c        0x5 /build/nissa/tmp/portage/sys-boot/coreboot-9999/work/build/out/pujjoga/external/vboot_reference-postcar/firmware/2lib/2sha_utility.o
 *fill*         0x02007841        0x3 
 .rodata.__func__.0
                0x02007844       0x10 /build/nissa/tmp/portage/sys-boot/coreboot-9999/work/build/out/pujjoga/external/vboot_reference-postcar/firmware/2lib/2sha_utility.o
 .rodata.__func__.1
                0x02007854       0x13 /build/nissa/tmp/portage/sys-boot/coreboot-9999/work/build/out/pujjoga/external/vboot_reference-postcar/firmware/2lib/2sha_utility.o
 *fill*         0x02007867        0x1 
 .rodata.__func__.2
                0x02007868       0x10 /build/nissa/tmp/portage/sys-boot/coreboot-9999/work/build/out/pujjoga/external/vboot_reference-postcar/firmware/2lib/2sha_utility.o
 .rodata.vb2ex_hwcrypto_digest_init.str1.1
                0x02007878        0x0 /build/nissa/tmp/portage/sys-boot/coreboot-9999/work/build/out/pujjoga/external/vboot_reference-postcar/firmware/2lib/2hwcrypto.o
                                 0x65 (size before relaxing)
 .rodata.vb2ex_hwcrypto_digest_finalize.str1.1
                0x02007878        0x0 /build/nissa/tmp/portage/sys-boot/coreboot-9999/work/build/out/pujjoga/external/vboot_reference-postcar/firmware/2lib/2hwcrypto.o
                                 0x34 (size before relaxing)
 .rodata.__func__.0
                0x02007878       0x1f /build/nissa/tmp/portage/sys-boot/coreboot-9999/work/build/out/pujjoga/external/vboot_reference-postcar/firmware/2lib/2hwcrypto.o
 *fill*         0x02007897        0x1 
 .rodata.__func__.1
                0x02007898       0x1b /build/nissa/tmp/portage/sys-boot/coreboot-9999/work/build/out/pujjoga/external/vboot_reference-postcar/firmware/2lib/2hwcrypto.o
 *fill*         0x020078b3        0xd 
 .rodata.vb2_hash_seq
                0x020078c0       0x20 /build/nissa/tmp/portage/sys-boot/coreboot-9999/work/build/out/pujjoga/external/vboot_reference-postcar/firmware/2lib/2sha256_x86.o
                0x020078c0                vb2_hash_seq
 .rodata.cst16  0x020078e0       0x10 /build/nissa/tmp/portage/sys-boot/coreboot-9999/work/build/out/pujjoga/external/vboot_reference-postcar/firmware/2lib/2sha256_x86.o
 .rodata.cbfs_mcache_build.str1.1
                0x020078f0        0x0 /build/nissa/tmp/portage/sys-boot/coreboot-9999/work/build/out/pujjoga/postcar/commonlib/bsd/cbfs_mcache.o
                                 0xc3 (size before relaxing)
 .rodata.cbfs_mcache_lookup.str1.1
                0x020078f0        0x0 /build/nissa/tmp/portage/sys-boot/coreboot-9999/work/build/out/pujjoga/postcar/commonlib/bsd/cbfs_mcache.o
                                 0x5a (size before relaxing)
 .rodata.cbfs_walk.str1.1
                0x020078f0        0x0 /build/nissa/tmp/portage/sys-boot/coreboot-9999/work/build/out/pujjoga/postcar/commonlib/bsd/cbfs_private.o
                                 0x98 (size before relaxing)
 .rodata.lookup_walker.str1.1
                0x020078f0        0x0 /build/nissa/tmp/portage/sys-boot/coreboot-9999/work/build/out/pujjoga/postcar/commonlib/bsd/cbfs_private.o
                                 0x21 (size before relaxing)
 .rodata.cbfs_find_attr.str1.1
                0x020078f0        0x0 /build/nissa/tmp/portage/sys-boot/coreboot-9999/work/build/out/pujjoga/postcar/commonlib/bsd/cbfs_private.o
                                 0x68 (size before relaxing)
 .rodata.cbfs_file_hash.str1.1
                0x020078f0        0x0 /build/nissa/tmp/portage/sys-boot/coreboot-9999/work/build/out/pujjoga/postcar/commonlib/bsd/cbfs_private.o
                                 0x77 (size before relaxing)
 .rodata.xlate_rdev_ro_ops
                0x020078f0       0x14 /build/nissa/tmp/portage/sys-boot/coreboot-9999/work/build/out/pujjoga/postcar/commonlib/region.o
                0x020078f0                xlate_rdev_ro_ops
 .rodata.mem_rdev
                0x02007904       0x14 /build/nissa/tmp/portage/sys-boot/coreboot-9999/work/build/out/pujjoga/postcar/commonlib/region.o
 .rodata.mem_rdev_ro_ops
                0x02007918       0x14 /build/nissa/tmp/portage/sys-boot/coreboot-9999/work/build/out/pujjoga/postcar/commonlib/region.o
                0x02007918                mem_rdev_ro_ops
 .rodata.console_init.str1.1
                0x0200792c        0x0 /build/nissa/tmp/portage/sys-boot/coreboot-9999/work/build/out/pujjoga/postcar/console/init.o
                                 0x4b (size before relaxing)
 .rodata.console_time_report.str1.1
                0x0200792c        0x0 /build/nissa/tmp/portage/sys-boot/coreboot-9999/work/build/out/pujjoga/postcar/console/printk.o
                                 0x3e (size before relaxing)
 .rodata.number.str1.1
                0x0200792c        0x0 /build/nissa/tmp/portage/sys-boot/coreboot-9999/work/build/out/pujjoga/postcar/console/vtxprintf.o
                                 0x22 (size before relaxing)
 .rodata.vtxprintf.str1.1
                0x0200792c        0x0 /build/nissa/tmp/portage/sys-boot/coreboot-9999/work/build/out/pujjoga/postcar/console/vtxprintf.o
                                  0x7 (size before relaxing)
 .rodata.vtxprintf
                0x0200792c       0x58 /build/nissa/tmp/portage/sys-boot/coreboot-9999/work/build/out/pujjoga/postcar/console/vtxprintf.o
 .rodata.pci_mmconf
                0x02007984        0x4 /build/nissa/tmp/portage/sys-boot/coreboot-9999/work/build/out/pujjoga/postcar/device/pci_ops.o
                0x02007984                pci_mmconf
 .rodata.get_uint_option.str1.1
                0x02007988        0x0 /build/nissa/tmp/portage/sys-boot/coreboot-9999/work/build/out/pujjoga/postcar/drivers/option/cbfs_file_option.o
                                  0xa (size before relaxing)
 .rodata.cbfs_file_hash_mismatch.str1.1
                0x02007988        0x0 /build/nissa/tmp/portage/sys-boot/coreboot-9999/work/build/out/pujjoga/postcar/lib/cbfs.o
                                 0x53 (size before relaxing)
 .rodata.do_alloc.str1.1
                0x02007988        0x0 /build/nissa/tmp/portage/sys-boot/coreboot-9999/work/build/out/pujjoga/postcar/lib/cbfs.o
                                 0x63 (size before relaxing)
 .rodata.cbfs_fmap_region_hint.str1.1
                0x02007988        0x0 /build/nissa/tmp/portage/sys-boot/coreboot-9999/work/build/out/pujjoga/postcar/lib/cbfs.o
                                  0x9 (size before relaxing)
 .rodata._cbfs_unverified_area_alloc.str1.1
                0x02007988        0x0 /build/nissa/tmp/portage/sys-boot/coreboot-9999/work/build/out/pujjoga/postcar/lib/cbfs.o
                                 0x59 (size before relaxing)
 .rodata.cbfs_get_boot_device.str1.1
                0x02007988        0x0 /build/nissa/tmp/portage/sys-boot/coreboot-9999/work/build/out/pujjoga/postcar/lib/cbfs.o
                                 0x49 (size before relaxing)
 .rodata._cbfs_boot_lookup.str1.1
                0x02007988        0x0 /build/nissa/tmp/portage/sys-boot/coreboot-9999/work/build/out/pujjoga/postcar/lib/cbfs.o
                                 0x67 (size before relaxing)
 .rodata.copy_console_buffer.str1.1
                0x02007988        0x0 /build/nissa/tmp/portage/sys-boot/coreboot-9999/work/build/out/pujjoga/postcar/lib/cbmem_console.o
                                 0x3f (size before relaxing)
 .rodata.find_fmap_directory.str1.1
                0x02007988        0x0 /build/nissa/tmp/portage/sys-boot/coreboot-9999/work/build/out/pujjoga/postcar/lib/fmap.o
                                 0x90 (size before relaxing)
 .rodata.fmap_locate_area.str1.1
                0x02007988        0x0 /build/nissa/tmp/portage/sys-boot/coreboot-9999/work/build/out/pujjoga/postcar/lib/fmap.o
                                 0x73 (size before relaxing)
 .rodata.ulzman.str1.1
                0x02007988        0x0 /build/nissa/tmp/portage/sys-boot/coreboot-9999/work/build/out/pujjoga/postcar/lib/lzma.o
                                 0x7c (size before relaxing)
 .rodata.run_ramstage.str1.1
                0x02007988        0x0 /build/nissa/tmp/portage/sys-boot/coreboot-9999/work/build/out/pujjoga/postcar/lib/prog_loaders.o
                                 0x2c (size before relaxing)
 .rodata.rmodule_cbfs_allocator.str1.1
                0x02007988        0x0 /build/nissa/tmp/portage/sys-boot/coreboot-9999/work/build/out/pujjoga/postcar/lib/rmodule.o
                                 0x23 (size before relaxing)
 .rodata.rmodule_load.str1.1
                0x02007988        0x0 /build/nissa/tmp/portage/sys-boot/coreboot-9999/work/build/out/pujjoga/postcar/lib/rmodule.o
                                 0x94 (size before relaxing)
 .rodata.timestamp_reinit.str1.1
                0x02007988        0x0 /build/nissa/tmp/portage/sys-boot/coreboot-9999/work/build/out/pujjoga/postcar/lib/timestamp.o
                                 0x1e (size before relaxing)
 .rodata.timestamp_add.str1.1
                0x02007988        0x0 /build/nissa/tmp/portage/sys-boot/coreboot-9999/work/build/out/pujjoga/postcar/lib/timestamp.o
                                 0x30 (size before relaxing)
 .rodata.coreboot_build
                0x02007988       0x1d /build/nissa/tmp/portage/sys-boot/coreboot-9999/work/build/out/pujjoga/postcar/lib/version.o
                0x02007988                coreboot_build
 .rodata.coreboot_extra_version
                0x020079a5        0x1 /build/nissa/tmp/portage/sys-boot/coreboot-9999/work/build/out/pujjoga/postcar/lib/version.o
                0x020079a5                coreboot_extra_version
 *fill*         0x020079a6        0x2 
 .rodata.coreboot_version
                0x020079a8       0x1e /build/nissa/tmp/portage/sys-boot/coreboot-9999/work/build/out/pujjoga/postcar/lib/version.o
                0x020079a8                coreboot_version
 .rodata.vboot_get_context.str1.1
                0x020079c6        0x0 /build/nissa/tmp/portage/sys-boot/coreboot-9999/work/build/out/pujjoga/postcar/security/vboot/common.o
                                 0x61 (size before relaxing)
 .rodata.vboot_locate_firmware.str1.1
                0x020079c6        0x0 /build/nissa/tmp/portage/sys-boot/coreboot-9999/work/build/out/pujjoga/postcar/security/vboot/common.o
                                 0x14 (size before relaxing)
 *fill*         0x020079c6        0x2 
 .rodata.__func__.0
                0x020079c8       0x12 /build/nissa/tmp/portage/sys-boot/coreboot-9999/work/build/out/pujjoga/postcar/security/vboot/common.o
 .rodata.vb2ex_printf.str1.1
                0x020079da        0x0 /build/nissa/tmp/portage/sys-boot/coreboot-9999/work/build/out/pujjoga/postcar/security/vboot/vboot_lib.o
                                  0xa (size before relaxing)
 .rodata.vb2ex_abort.str1.1
                0x020079da        0x0 /build/nissa/tmp/portage/sys-boot/coreboot-9999/work/build/out/pujjoga/postcar/security/vboot/vboot_lib.o
                                 0x23 (size before relaxing)
 .rodata.fast_spi_set_bios_control_reg.str1.1
                0x020079da        0x0 /build/nissa/tmp/portage/sys-boot/coreboot-9999/work/build/out/pujjoga/postcar/soc/intel/common/block/fast_spi/fast_spi.o
                                 0x54 (size before relaxing)
 .rodata.initialize_window.str1.1
                0x020079da        0x0 /build/nissa/tmp/portage/sys-boot/coreboot-9999/work/build/out/pujjoga/postcar/soc/intel/common/block/fast_spi/mmap_boot.o
                                 0x63 (size before relaxing)
 *(.lrodata)
 *(.lrodata.*)
                0x020079e0                        . = ALIGN (0x8)
 *fill*         0x020079da        0x6 
                0x020079e0                        _etext = .
                0x000079e0                        _text_size = ABSOLUTE ((_etext - _text))

.iplt           0x020079e0        0x0
 .iplt          0x020079e0        0x0 /build/nissa/tmp/portage/sys-boot/coreboot-9999/work/build/out/pujjoga/external/vboot_reference-postcar/firmware/2lib/2api.o

.rel.dyn        0x020079e0        0x0
 .rel.got       0x020079e0        0x0 /build/nissa/tmp/portage/sys-boot/coreboot-9999/work/build/out/pujjoga/external/vboot_reference-postcar/firmware/2lib/2api.o
 .rel.iplt      0x020079e0        0x0 /build/nissa/tmp/portage/sys-boot/coreboot-9999/work/build/out/pujjoga/external/vboot_reference-postcar/firmware/2lib/2api.o
 .rel.text.startup.main
                0x020079e0        0x0 /build/nissa/tmp/portage/sys-boot/coreboot-9999/work/build/out/pujjoga/external/vboot_reference-postcar/firmware/2lib/2api.o
 .rel.text.die  0x020079e0        0x0 /build/nissa/tmp/portage/sys-boot/coreboot-9999/work/build/out/pujjoga/external/vboot_reference-postcar/firmware/2lib/2api.o
 .rel.text.post_code
                0x020079e0        0x0 /build/nissa/tmp/portage/sys-boot/coreboot-9999/work/build/out/pujjoga/external/vboot_reference-postcar/firmware/2lib/2api.o
 .rel.text.boot_device_ro_subregion
                0x020079e0        0x0 /build/nissa/tmp/portage/sys-boot/coreboot-9999/work/build/out/pujjoga/external/vboot_reference-postcar/firmware/2lib/2api.o
 .rel.text.cbfs_get_boot_device
                0x020079e0        0x0 /build/nissa/tmp/portage/sys-boot/coreboot-9999/work/build/out/pujjoga/external/vboot_reference-postcar/firmware/2lib/2api.o
 .rel.text.cbmem_run_init_hooks
                0x020079e0        0x0 /build/nissa/tmp/portage/sys-boot/coreboot-9999/work/build/out/pujjoga/external/vboot_reference-postcar/firmware/2lib/2api.o
 .rel.text.find_fmap_directory
                0x020079e0        0x0 /build/nissa/tmp/portage/sys-boot/coreboot-9999/work/build/out/pujjoga/external/vboot_reference-postcar/firmware/2lib/2api.o
 .rel.text.prog_segment_loaded
                0x020079e0        0x0 /build/nissa/tmp/portage/sys-boot/coreboot-9999/work/build/out/pujjoga/external/vboot_reference-postcar/firmware/2lib/2api.o
 .rel.text.prog_run
                0x020079e0        0x0 /build/nissa/tmp/portage/sys-boot/coreboot-9999/work/build/out/pujjoga/external/vboot_reference-postcar/firmware/2lib/2api.o
 .rel.text.rmodule_stage_load
                0x020079e0        0x0 /build/nissa/tmp/portage/sys-boot/coreboot-9999/work/build/out/pujjoga/external/vboot_reference-postcar/firmware/2lib/2api.o
 .rel.text.vboot_get_cbfs_boot_device
                0x020079e0        0x0 /build/nissa/tmp/portage/sys-boot/coreboot-9999/work/build/out/pujjoga/external/vboot_reference-postcar/firmware/2lib/2api.o

.data           0x020079e0       0x28
                0x02007a00                        . = ALIGN (0x40)
 *fill*         0x020079e0       0x20 
                0x02007a00                        _data = .
                0x02007a00                        _rmodule_params = .
 *(.module_parameters)
 .module_parameters
                0x02007a00        0x4 /build/nissa/tmp/portage/sys-boot/coreboot-9999/work/build/out/pujjoga/postcar/cpu/x86/mtrr/earlymtrr.o
                0x02007a00                post_car_mtrrs
                0x02007a04                        _ermodule_params = .
                0x00000004                        _rmodule_params_size = ABSOLUTE ((_ermodule_params - _rmodule_params))
 *(.data)
 *(.data.*)
 .data.console_lock
                0x02007a04        0x4 /build/nissa/tmp/portage/sys-boot/coreboot-9999/work/build/out/pujjoga/postcar/console/printk.o
 *(.ldata)
 *(.ldata.*)
 *(.sdata)
 *(.sdata.*)
                0x02007a08                        . = ALIGN (0x8)
                0x02007a08                        _edata = .
                0x00000008                        _data_size = ABSOLUTE ((_edata - _data))

.got            0x02007a08        0x0
 .got           0x02007a08        0x0 /build/nissa/tmp/portage/sys-boot/coreboot-9999/work/build/out/pujjoga/external/vboot_reference-postcar/firmware/2lib/2api.o

.got.plt        0x02007a08        0x0
 .got.plt       0x02007a08        0x0 /build/nissa/tmp/portage/sys-boot/coreboot-9999/work/build/out/pujjoga/external/vboot_reference-postcar/firmware/2lib/2api.o

.igot.plt       0x02007a08        0x0
 .igot.plt      0x02007a08        0x0 /build/nissa/tmp/portage/sys-boot/coreboot-9999/work/build/out/pujjoga/external/vboot_reference-postcar/firmware/2lib/2api.o

.bss            0x02007a08     0x6478
                0x02007a08                        . = ALIGN (0x8)
                0x02007a08                        _bss = .
 *(.bss)
 .bss           0x02007a08     0x2000 /build/nissa/tmp/portage/sys-boot/coreboot-9999/work/build/out/pujjoga/postcar/arch/x86/exit_car.o
                0x02007a08                _stack
                0x02009a08                _estack
 *(.bss.*)
 *fill*         0x02009a08       0x18 
 .bss.vb2_sha_ctx
                0x02009a20       0xac /build/nissa/tmp/portage/sys-boot/coreboot-9999/work/build/out/pujjoga/external/vboot_reference-postcar/firmware/2lib/2hwcrypto.o
                0x02009a20                vb2_sha_ctx
 .bss.console_loglevel
                0x02009acc        0x4 /build/nissa/tmp/portage/sys-boot/coreboot-9999/work/build/out/pujjoga/postcar/console/init.o
 .bss.console_inited
                0x02009ad0        0x4 /build/nissa/tmp/portage/sys-boot/coreboot-9999/work/build/out/pujjoga/postcar/console/init.o
 .bss.line_started.0
                0x02009ad4        0x1 /build/nissa/tmp/portage/sys-boot/coreboot-9999/work/build/out/pujjoga/postcar/console/printk.o
 *fill*         0x02009ad5        0x3 
 .bss.console_usecs
                0x02009ad8        0x4 /build/nissa/tmp/portage/sys-boot/coreboot-9999/work/build/out/pujjoga/postcar/console/printk.o
 .bss.mt_stop   0x02009adc        0x8 /build/nissa/tmp/portage/sys-boot/coreboot-9999/work/build/out/pujjoga/postcar/console/printk.o
 .bss.mt_start  0x02009ae4        0x8 /build/nissa/tmp/portage/sys-boot/coreboot-9999/work/build/out/pujjoga/postcar/console/printk.o
 .bss.mono_counter
                0x02009aec       0x14 /build/nissa/tmp/portage/sys-boot/coreboot-9999/work/build/out/pujjoga/postcar/cpu/x86/tsc/delay_tsc.o
 .bss.ro.0      0x02009b00       0x18 /build/nissa/tmp/portage/sys-boot/coreboot-9999/work/build/out/pujjoga/postcar/lib/cbfs.o
 .bss.cbfs_cache
                0x02009b18       0x18 /build/nissa/tmp/portage/sys-boot/coreboot-9999/work/build/out/pujjoga/postcar/lib/cbfs.o
                0x02009b18                cbfs_cache
 *fill*         0x02009b30       0x10 
 .bss.static_console
                0x02009b40      0x400 /build/nissa/tmp/portage/sys-boot/coreboot-9999/work/build/out/pujjoga/postcar/lib/cbmem_console.o
 .bss.console_paused
                0x02009f40        0x1 /build/nissa/tmp/portage/sys-boot/coreboot-9999/work/build/out/pujjoga/postcar/lib/cbmem_console.o
 *fill*         0x02009f41        0x3 
 .bss.current_console
                0x02009f44        0x4 /build/nissa/tmp/portage/sys-boot/coreboot-9999/work/build/out/pujjoga/postcar/lib/cbmem_console.o
 .bss.fmap_cache
                0x02009f48       0x10 /build/nissa/tmp/portage/sys-boot/coreboot-9999/work/build/out/pujjoga/postcar/lib/fmap.o
 .bss.fmap_print_once
                0x02009f58        0x4 /build/nissa/tmp/portage/sys-boot/coreboot-9999/work/build/out/pujjoga/postcar/lib/fmap.o
 .bss.cbmem_initialized
                0x02009f5c        0x4 /build/nissa/tmp/portage/sys-boot/coreboot-9999/work/build/out/pujjoga/postcar/lib/imd_cbmem.o
                0x02009f5c                cbmem_initialized
 .bss.imd       0x02009f60       0x10 /build/nissa/tmp/portage/sys-boot/coreboot-9999/work/build/out/pujjoga/postcar/lib/imd_cbmem.o
 .bss._cbmem_top_ptr
                0x02009f70        0x4 /build/nissa/tmp/portage/sys-boot/coreboot-9999/work/build/out/pujjoga/postcar/lib/imd_cbmem.o
                0x02009f70                _cbmem_top_ptr
 *fill*         0x02009f74        0xc 
 .bss.scratchpad.0
                0x02009f80     0x3e6c /build/nissa/tmp/portage/sys-boot/coreboot-9999/work/build/out/pujjoga/postcar/lib/lzma.o
 .bss.glob_ts_table
                0x0200ddec        0x4 /build/nissa/tmp/portage/sys-boot/coreboot-9999/work/build/out/pujjoga/postcar/lib/timestamp.o
 .bss.vboot_ctx
                0x0200ddf0        0x4 /build/nissa/tmp/portage/sys-boot/coreboot-9999/work/build/out/pujjoga/postcar/security/vboot/common.o
 .bss.cbd.0     0x0200ddf4       0x18 /build/nissa/tmp/portage/sys-boot/coreboot-9999/work/build/out/pujjoga/postcar/security/vboot/vboot_loader.o
 .bss.init_done.0
                0x0200de0c        0x1 /build/nissa/tmp/portage/sys-boot/coreboot-9999/work/build/out/pujjoga/postcar/soc/intel/common/block/fast_spi/mmap_boot.o
 *fill*         0x0200de0d        0x3 
 .bss.real_dev_windows
                0x0200de10       0x18 /build/nissa/tmp/portage/sys-boot/coreboot-9999/work/build/out/pujjoga/postcar/soc/intel/common/block/fast_spi/mmap_boot.o
 *fill*         0x0200de28       0x18 
 .bss.shadow_devs
                0x0200de40       0x28 /build/nissa/tmp/portage/sys-boot/coreboot-9999/work/build/out/pujjoga/postcar/soc/intel/common/block/fast_spi/mmap_boot.o
 .bss.real_dev  0x0200de68       0x18 /build/nissa/tmp/portage/sys-boot/coreboot-9999/work/build/out/pujjoga/postcar/soc/intel/common/block/fast_spi/mmap_boot.o
 *(.lbss)
 *(.lbss.*)
 *(.sbss)
 *(.sbss.*)
                0x0200de80                        . = ALIGN (0x8)
                0x0200de80                        _ebss = .
                0x00006478                        _bss_size = ABSOLUTE ((_ebss - _bss))
                0x0200de80                        _eprogram = .
                0x0000de80                        _program_size = ABSOLUTE ((_eprogram - _program))
                0x00000000                        zeroptr = 0x0

/DISCARD/
 *(.comment)
 *(.comment.*)
 *(.note)
 *(.note.*)
 *(.eh_frame)
OUTPUT(/build/nissa/tmp/portage/sys-boot/coreboot-9999/work/build/out/pujjoga/cbfs/fallback/postcar.debug elf32-i386)

.debug_info     0x00000000    0x2a754
 .debug_info    0x00000000     0x19fc /build/nissa/tmp/portage/sys-boot/coreboot-9999/work/build/out/pujjoga/external/vboot_reference-postcar/firmware/2lib/2common.o
 .debug_info    0x000019fc     0x1331 /build/nissa/tmp/portage/sys-boot/coreboot-9999/work/build/out/pujjoga/external/vboot_reference-postcar/firmware/2lib/2context.o
 .debug_info    0x00002d2d     0x332a /build/nissa/tmp/portage/sys-boot/coreboot-9999/work/build/out/pujjoga/external/vboot_reference-postcar/firmware/2lib/2misc.o
 .debug_info    0x00006057     0x1e3f /build/nissa/tmp/portage/sys-boot/coreboot-9999/work/build/out/pujjoga/external/vboot_reference-postcar/firmware/2lib/2secdata_kernel.o
 .debug_info    0x00007e96      0x404 /build/nissa/tmp/portage/sys-boot/coreboot-9999/work/build/out/pujjoga/external/vboot_reference-postcar/firmware/2lib/2sha1.o
 .debug_info    0x0000829a      0x67c /build/nissa/tmp/portage/sys-boot/coreboot-9999/work/build/out/pujjoga/external/vboot_reference-postcar/firmware/2lib/2sha256.o
 .debug_info    0x00008916      0x5eb /build/nissa/tmp/portage/sys-boot/coreboot-9999/work/build/out/pujjoga/external/vboot_reference-postcar/firmware/2lib/2sha512.o
 .debug_info    0x00008f01     0x183b /build/nissa/tmp/portage/sys-boot/coreboot-9999/work/build/out/pujjoga/external/vboot_reference-postcar/firmware/2lib/2sha_utility.o
 .debug_info    0x0000a73c     0x10e6 /build/nissa/tmp/portage/sys-boot/coreboot-9999/work/build/out/pujjoga/external/vboot_reference-postcar/firmware/2lib/2hwcrypto.o
 .debug_info    0x0000b822     0x270c /build/nissa/tmp/portage/sys-boot/coreboot-9999/work/build/out/pujjoga/external/vboot_reference-postcar/firmware/2lib/2sha256_x86.o
 .debug_info    0x0000df2e      0x40b /build/nissa/tmp/portage/sys-boot/coreboot-9999/work/build/out/pujjoga/postcar/arch/x86/boot.o
 .debug_info    0x0000e339       0x24 /build/nissa/tmp/portage/sys-boot/coreboot-9999/work/build/out/pujjoga/postcar/arch/x86/exit_car.o
 .debug_info    0x0000e35d       0x24 /build/nissa/tmp/portage/sys-boot/coreboot-9999/work/build/out/pujjoga/postcar/arch/x86/gdt_init.o
 .debug_info    0x0000e381       0xed /build/nissa/tmp/portage/sys-boot/coreboot-9999/work/build/out/pujjoga/postcar/arch/x86/memcpy.o
 .debug_info    0x0000e46e      0x120 /build/nissa/tmp/portage/sys-boot/coreboot-9999/work/build/out/pujjoga/postcar/arch/x86/memmove_32.o
 .debug_info    0x0000e58e      0x117 /build/nissa/tmp/portage/sys-boot/coreboot-9999/work/build/out/pujjoga/postcar/arch/x86/memset.o
 .debug_info    0x0000e6a5      0x1c9 /build/nissa/tmp/portage/sys-boot/coreboot-9999/work/build/out/pujjoga/postcar/arch/x86/post.o
 .debug_info    0x0000e86e      0x6b2 /build/nissa/tmp/portage/sys-boot/coreboot-9999/work/build/out/pujjoga/postcar/arch/x86/postcar.o
 .debug_info    0x0000ef20      0x21a /build/nissa/tmp/portage/sys-boot/coreboot-9999/work/build/out/pujjoga/postcar/arch/x86/timestamp.o
 .debug_info    0x0000f13a      0x9b2 /build/nissa/tmp/portage/sys-boot/coreboot-9999/work/build/out/pujjoga/postcar/commonlib/bsd/cbfs_mcache.o
 .debug_info    0x0000faec     0x10ed /build/nissa/tmp/portage/sys-boot/coreboot-9999/work/build/out/pujjoga/postcar/commonlib/bsd/cbfs_private.o
 .debug_info    0x00010bd9      0x90d /build/nissa/tmp/portage/sys-boot/coreboot-9999/work/build/out/pujjoga/postcar/commonlib/bsd/lz4_wrapper.o
 .debug_info    0x000114e6      0x27f /build/nissa/tmp/portage/sys-boot/coreboot-9999/work/build/out/pujjoga/postcar/commonlib/bsd/string.o
 .debug_info    0x00011765      0x22e /build/nissa/tmp/portage/sys-boot/coreboot-9999/work/build/out/pujjoga/postcar/commonlib/mem_pool.o
 .debug_info    0x00011993     0x1dcd /build/nissa/tmp/portage/sys-boot/coreboot-9999/work/build/out/pujjoga/postcar/commonlib/region.o
 .debug_info    0x00013760      0x473 /build/nissa/tmp/portage/sys-boot/coreboot-9999/work/build/out/pujjoga/postcar/console/console.o
 .debug_info    0x00013bd3      0x209 /build/nissa/tmp/portage/sys-boot/coreboot-9999/work/build/out/pujjoga/postcar/console/die.o
 .debug_info    0x00013ddc      0x34e /build/nissa/tmp/portage/sys-boot/coreboot-9999/work/build/out/pujjoga/postcar/console/init.o
 .debug_info    0x0001412a      0x1dc /build/nissa/tmp/portage/sys-boot/coreboot-9999/work/build/out/pujjoga/postcar/console/post.o
 .debug_info    0x00014306      0x774 /build/nissa/tmp/portage/sys-boot/coreboot-9999/work/build/out/pujjoga/postcar/console/printk.o
 .debug_info    0x00014a7a      0x263 /build/nissa/tmp/portage/sys-boot/coreboot-9999/work/build/out/pujjoga/postcar/console/vsprintf.o
 .debug_info    0x00014cdd      0x4a7 /build/nissa/tmp/portage/sys-boot/coreboot-9999/work/build/out/pujjoga/postcar/console/vtxprintf.o
 .debug_info    0x00015184      0x167 /build/nissa/tmp/portage/sys-boot/coreboot-9999/work/build/out/pujjoga/postcar/cpu/x86/lapic/boot_cpu.o
 .debug_info    0x000152eb      0x153 /build/nissa/tmp/portage/sys-boot/coreboot-9999/work/build/out/pujjoga/postcar/cpu/x86/mtrr/debug.o
 .debug_info    0x0001543e      0x752 /build/nissa/tmp/portage/sys-boot/coreboot-9999/work/build/out/pujjoga/postcar/cpu/x86/mtrr/earlymtrr.o
 .debug_info    0x00015b90      0x50b /build/nissa/tmp/portage/sys-boot/coreboot-9999/work/build/out/pujjoga/postcar/cpu/x86/mtrr/mtrrlib.o
 .debug_info    0x0001609b      0x597 /build/nissa/tmp/portage/sys-boot/coreboot-9999/work/build/out/pujjoga/postcar/cpu/x86/tsc/delay_tsc.o
 .debug_info    0x00016632      0x608 /build/nissa/tmp/portage/sys-boot/coreboot-9999/work/build/out/pujjoga/postcar/device/pci_ops.o
 .debug_info    0x00016c3a      0x6e6 /build/nissa/tmp/portage/sys-boot/coreboot-9999/work/build/out/pujjoga/postcar/drivers/option/cbfs_file_option.o
 .debug_info    0x00017320      0x584 /build/nissa/tmp/portage/sys-boot/coreboot-9999/work/build/out/pujjoga/postcar/lib/boot_device.o
 .debug_info    0x000178a4     0x339e /build/nissa/tmp/portage/sys-boot/coreboot-9999/work/build/out/pujjoga/postcar/lib/cbfs.o
 .debug_info    0x0001ac42      0x130 /build/nissa/tmp/portage/sys-boot/coreboot-9999/work/build/out/pujjoga/postcar/lib/cbmem_common.o
 .debug_info    0x0001ad72      0x64d /build/nissa/tmp/portage/sys-boot/coreboot-9999/work/build/out/pujjoga/postcar/lib/cbmem_console.o
 .debug_info    0x0001b3bf     0x1ad5 /build/nissa/tmp/portage/sys-boot/coreboot-9999/work/build/out/pujjoga/postcar/lib/fmap.o
 .debug_info    0x0001ce94      0x211 /build/nissa/tmp/portage/sys-boot/coreboot-9999/work/build/out/pujjoga/postcar/lib/gcc.o
 .debug_info    0x0001d0a5      0x16a /build/nissa/tmp/portage/sys-boot/coreboot-9999/work/build/out/pujjoga/postcar/lib/halt.o
 .debug_info    0x0001d20f     0x2155 /build/nissa/tmp/portage/sys-boot/coreboot-9999/work/build/out/pujjoga/postcar/lib/imd.o
 .debug_info    0x0001f364      0xd1d /build/nissa/tmp/portage/sys-boot/coreboot-9999/work/build/out/pujjoga/postcar/lib/imd_cbmem.o
 .debug_info    0x00020081      0x3cd /build/nissa/tmp/portage/sys-boot/coreboot-9999/work/build/out/pujjoga/postcar/lib/lzma.o
 .debug_info    0x0002044e      0x5f6 /build/nissa/tmp/portage/sys-boot/coreboot-9999/work/build/out/pujjoga/postcar/lib/lzmadecode.o
 .debug_info    0x00020a44      0x10f /build/nissa/tmp/portage/sys-boot/coreboot-9999/work/build/out/pujjoga/postcar/lib/memcmp.o
 .debug_info    0x00020b53      0xbef /build/nissa/tmp/portage/sys-boot/coreboot-9999/work/build/out/pujjoga/postcar/lib/prog_loaders.o
 .debug_info    0x00021742      0x430 /build/nissa/tmp/portage/sys-boot/coreboot-9999/work/build/out/pujjoga/postcar/lib/prog_ops.o
 .debug_info    0x00021b72     0x1182 /build/nissa/tmp/portage/sys-boot/coreboot-9999/work/build/out/pujjoga/postcar/lib/rmodule.o
 .debug_info    0x00022cf4      0x69a /build/nissa/tmp/portage/sys-boot/coreboot-9999/work/build/out/pujjoga/postcar/lib/string.o
 .debug_info    0x0002338e      0xc93 /build/nissa/tmp/portage/sys-boot/coreboot-9999/work/build/out/pujjoga/postcar/lib/timestamp.o
 .debug_info    0x00024021      0x209 /build/nissa/tmp/portage/sys-boot/coreboot-9999/work/build/out/pujjoga/postcar/lib/version.o
 .debug_info    0x0002422a     0x1418 /build/nissa/tmp/portage/sys-boot/coreboot-9999/work/build/out/pujjoga/postcar/security/vboot/common.o
 .debug_info    0x00025642      0x220 /build/nissa/tmp/portage/sys-boot/coreboot-9999/work/build/out/pujjoga/postcar/security/vboot/vboot_lib.o
 .debug_info    0x00025862     0x113a /build/nissa/tmp/portage/sys-boot/coreboot-9999/work/build/out/pujjoga/postcar/security/vboot/vboot_loader.o
 .debug_info    0x0002699c       0x24 /build/nissa/tmp/portage/sys-boot/coreboot-9999/work/build/out/pujjoga/postcar/soc/intel/common/block/cpu/car/exit_car.o
 .debug_info    0x000269c0     0x29bc /build/nissa/tmp/portage/sys-boot/coreboot-9999/work/build/out/pujjoga/postcar/soc/intel/common/block/fast_spi/fast_spi.o
 .debug_info    0x0002937c      0xa47 /build/nissa/tmp/portage/sys-boot/coreboot-9999/work/build/out/pujjoga/postcar/soc/intel/common/block/fast_spi/mmap_boot.o
 .debug_info    0x00029dc3      0x3ce /build/nissa/tmp/portage/sys-boot/coreboot-9999/work/build/out/pujjoga/postcar/soc/intel/common/block/timer/timer.o
 .debug_info    0x0002a191      0x33a /build/nissa/tmp/portage/sys-boot/coreboot-9999/work/coreboot-sdk/bin/../lib/gcc/i386-elf/14.2.0/libgcc.a(_udivdi3.o)
 .debug_info    0x0002a4cb      0x289 /build/nissa/tmp/portage/sys-boot/coreboot-9999/work/coreboot-sdk/bin/../lib/gcc/i386-elf/14.2.0/libgcc.a(_udivmoddi4.o)

.debug_abbrev   0x00000000     0x91b4
 .debug_abbrev  0x00000000      0x35f /build/nissa/tmp/portage/sys-boot/coreboot-9999/work/build/out/pujjoga/external/vboot_reference-postcar/firmware/2lib/2common.o
 .debug_abbrev  0x0000035f      0x2ad /build/nissa/tmp/portage/sys-boot/coreboot-9999/work/build/out/pujjoga/external/vboot_reference-postcar/firmware/2lib/2context.o
 .debug_abbrev  0x0000060c      0x627 /build/nissa/tmp/portage/sys-boot/coreboot-9999/work/build/out/pujjoga/external/vboot_reference-postcar/firmware/2lib/2misc.o
 .debug_abbrev  0x00000c33      0x45a /build/nissa/tmp/portage/sys-boot/coreboot-9999/work/build/out/pujjoga/external/vboot_reference-postcar/firmware/2lib/2secdata_kernel.o
 .debug_abbrev  0x0000108d      0x1d4 /build/nissa/tmp/portage/sys-boot/coreboot-9999/work/build/out/pujjoga/external/vboot_reference-postcar/firmware/2lib/2sha1.o
 .debug_abbrev  0x00001261      0x2ca /build/nissa/tmp/portage/sys-boot/coreboot-9999/work/build/out/pujjoga/external/vboot_reference-postcar/firmware/2lib/2sha256.o
 .debug_abbrev  0x0000152b      0x24f /build/nissa/tmp/portage/sys-boot/coreboot-9999/work/build/out/pujjoga/external/vboot_reference-postcar/firmware/2lib/2sha512.o
 .debug_abbrev  0x0000177a      0x2e0 /build/nissa/tmp/portage/sys-boot/coreboot-9999/work/build/out/pujjoga/external/vboot_reference-postcar/firmware/2lib/2sha_utility.o
 .debug_abbrev  0x00001a5a      0x1ed /build/nissa/tmp/portage/sys-boot/coreboot-9999/work/build/out/pujjoga/external/vboot_reference-postcar/firmware/2lib/2hwcrypto.o
 .debug_abbrev  0x00001c47      0x234 /build/nissa/tmp/portage/sys-boot/coreboot-9999/work/build/out/pujjoga/external/vboot_reference-postcar/firmware/2lib/2sha256_x86.o
 .debug_abbrev  0x00001e7b      0x1f6 /build/nissa/tmp/portage/sys-boot/coreboot-9999/work/build/out/pujjoga/postcar/arch/x86/boot.o
 .debug_abbrev  0x00002071       0x14 /build/nissa/tmp/portage/sys-boot/coreboot-9999/work/build/out/pujjoga/postcar/arch/x86/exit_car.o
 .debug_abbrev  0x00002085       0x14 /build/nissa/tmp/portage/sys-boot/coreboot-9999/work/build/out/pujjoga/postcar/arch/x86/gdt_init.o
 .debug_abbrev  0x00002099       0xa0 /build/nissa/tmp/portage/sys-boot/coreboot-9999/work/build/out/pujjoga/postcar/arch/x86/memcpy.o
 .debug_abbrev  0x00002139       0xb5 /build/nissa/tmp/portage/sys-boot/coreboot-9999/work/build/out/pujjoga/postcar/arch/x86/memmove_32.o
 .debug_abbrev  0x000021ee       0xc7 /build/nissa/tmp/portage/sys-boot/coreboot-9999/work/build/out/pujjoga/postcar/arch/x86/memset.o
 .debug_abbrev  0x000022b5       0xd7 /build/nissa/tmp/portage/sys-boot/coreboot-9999/work/build/out/pujjoga/postcar/arch/x86/post.o
 .debug_abbrev  0x0000238c      0x1b6 /build/nissa/tmp/portage/sys-boot/coreboot-9999/work/build/out/pujjoga/postcar/arch/x86/postcar.o
 .debug_abbrev  0x00002542      0x17a /build/nissa/tmp/portage/sys-boot/coreboot-9999/work/build/out/pujjoga/postcar/arch/x86/timestamp.o
 .debug_abbrev  0x000026bc      0x247 /build/nissa/tmp/portage/sys-boot/coreboot-9999/work/build/out/pujjoga/postcar/commonlib/bsd/cbfs_mcache.o
 .debug_abbrev  0x00002903      0x35c /build/nissa/tmp/portage/sys-boot/coreboot-9999/work/build/out/pujjoga/postcar/commonlib/bsd/cbfs_private.o
 .debug_abbrev  0x00002c5f      0x2fa /build/nissa/tmp/portage/sys-boot/coreboot-9999/work/build/out/pujjoga/postcar/commonlib/bsd/lz4_wrapper.o
 .debug_abbrev  0x00002f59      0x116 /build/nissa/tmp/portage/sys-boot/coreboot-9999/work/build/out/pujjoga/postcar/commonlib/bsd/string.o
 .debug_abbrev  0x0000306f      0x11a /build/nissa/tmp/portage/sys-boot/coreboot-9999/work/build/out/pujjoga/postcar/commonlib/mem_pool.o
 .debug_abbrev  0x00003189      0x4be /build/nissa/tmp/portage/sys-boot/coreboot-9999/work/build/out/pujjoga/postcar/commonlib/region.o
 .debug_abbrev  0x00003647      0x19b /build/nissa/tmp/portage/sys-boot/coreboot-9999/work/build/out/pujjoga/postcar/console/console.o
 .debug_abbrev  0x000037e2      0x143 /build/nissa/tmp/portage/sys-boot/coreboot-9999/work/build/out/pujjoga/postcar/console/die.o
 .debug_abbrev  0x00003925      0x1c1 /build/nissa/tmp/portage/sys-boot/coreboot-9999/work/build/out/pujjoga/postcar/console/init.o
 .debug_abbrev  0x00003ae6       0xef /build/nissa/tmp/portage/sys-boot/coreboot-9999/work/build/out/pujjoga/postcar/console/post.o
 .debug_abbrev  0x00003bd5      0x33b /build/nissa/tmp/portage/sys-boot/coreboot-9999/work/build/out/pujjoga/postcar/console/printk.o
 .debug_abbrev  0x00003f10      0x1b2 /build/nissa/tmp/portage/sys-boot/coreboot-9999/work/build/out/pujjoga/postcar/console/vsprintf.o
 .debug_abbrev  0x000040c2      0x1e7 /build/nissa/tmp/portage/sys-boot/coreboot-9999/work/build/out/pujjoga/postcar/console/vtxprintf.o
 .debug_abbrev  0x000042a9      0x116 /build/nissa/tmp/portage/sys-boot/coreboot-9999/work/build/out/pujjoga/postcar/cpu/x86/lapic/boot_cpu.o
 .debug_abbrev  0x000043bf       0x6f /build/nissa/tmp/portage/sys-boot/coreboot-9999/work/build/out/pujjoga/postcar/cpu/x86/mtrr/debug.o
 .debug_abbrev  0x0000442e      0x334 /build/nissa/tmp/portage/sys-boot/coreboot-9999/work/build/out/pujjoga/postcar/cpu/x86/mtrr/earlymtrr.o
 .debug_abbrev  0x00004762      0x261 /build/nissa/tmp/portage/sys-boot/coreboot-9999/work/build/out/pujjoga/postcar/cpu/x86/mtrr/mtrrlib.o
 .debug_abbrev  0x000049c3      0x27a /build/nissa/tmp/portage/sys-boot/coreboot-9999/work/build/out/pujjoga/postcar/cpu/x86/tsc/delay_tsc.o
 .debug_abbrev  0x00004c3d      0x245 /build/nissa/tmp/portage/sys-boot/coreboot-9999/work/build/out/pujjoga/postcar/device/pci_ops.o